Apr  5 18:39:36 localhost kernel: Linux version 4.18.16-300.fc29.x86_64 (mockbuild@bkernel04.phx2.fedoraproject.org) (gcc version 8.2.1 20180801 (Red Hat 8.2.1-2) (GCC)) #1 SMP Sat Oct 20 23:24:08 UTC 2018
Apr  5 18:39:36 localhost kernel: Command line: BOOT_IMAGE=/vmlinuz-4.18.16-300.fc29.x86_64 root=/dev/mapper/fedora-root ro resume=/dev/mapper/fedora-swap rd.lvm.lv=fedora/root rd.lvm.lv=fedora/swap rhgb quiet LANG=en_US.UTF-8
Apr  5 18:39:36 localhost kernel: x86/fpu: Supporting XSAVE feature 0x001: 'x87 floating point registers'
Apr  5 18:39:36 localhost kernel: x86/fpu: Supporting XSAVE feature 0x002: 'SSE registers'
Apr  5 18:39:36 localhost kernel: x86/fpu: Supporting XSAVE feature 0x004: 'AVX registers'
Apr  5 18:39:36 localhost kernel: x86/fpu: xstate_offset[2]:  576, xstate_sizes[2]:  256
Apr  5 18:39:36 localhost kernel: x86/fpu: Enabled xstate features 0x7, context size is 832 bytes, using 'standard' format.
Apr  5 18:39:36 localhost kernel: BIOS-provided physical RAM map:
Apr  5 18:39:36 localhost kernel: BIOS-e820: [mem 0x0000000000000000-0x000000000009fbff] usable
Apr  5 18:39:36 localhost kernel: BIOS-e820: [mem 0x000000000009fc00-0x000000000009ffff] reserved
Apr  5 18:39:36 localhost kernel: BIOS-e820: [mem 0x00000000000f0000-0x00000000000fffff] reserved
Apr  5 18:39:36 localhost kernel: BIOS-e820: [mem 0x0000000000100000-0x000000007ffeffff] usable
Apr  5 18:39:36 localhost kernel: BIOS-e820: [mem 0x000000007fff0000-0x000000007fffffff] ACPI data
Apr  5 18:39:36 localhost kernel: BIOS-e820: [mem 0x00000000fec00000-0x00000000fec00fff] reserved
Apr  5 18:39:36 localhost kernel: BIOS-e820: [mem 0x00000000fee00000-0x00000000fee00fff] reserved
Apr  5 18:39:36 localhost kernel: BIOS-e820: [mem 0x00000000fffc0000-0x00000000ffffffff] reserved
Apr  5 18:39:36 localhost kernel: NX (Execute Disable) protection: active
Apr  5 18:39:36 localhost kernel: SMBIOS 2.5 present.
Apr  5 18:39:36 localhost kernel: DMI: innotek GmbH VirtualBox/VirtualBox, BIOS VirtualBox 12/01/2006
Apr  5 18:39:36 localhost kernel: Hypervisor detected: KVM
Apr  5 18:39:36 localhost kernel: last_pfn = 0x7fff0 max_arch_pfn = 0x400000000
Apr  5 18:39:36 localhost kernel: Disabled
Apr  5 18:39:36 localhost kernel: x86/PAT: MTRRs disabled, skipping PAT initialization too.
Apr  5 18:39:36 localhost kernel: CPU MTRRs all blank - virtualized system.
Apr  5 18:39:36 localhost kernel: x86/PAT: Configuration [0-7]: WB  WT  UC- UC  WB  WT  UC- UC  
Apr  5 18:39:36 localhost kernel: found SMP MP-table at [mem 0x0009fff0-0x0009ffff] mapped at [(____ptrval____)]
Apr  5 18:39:36 localhost kernel: RAMDISK: [mem 0x352f1000-0x36970fff]
Apr  5 18:39:36 localhost kernel: ACPI: Early table checksum verification disabled
Apr  5 18:39:36 localhost kernel: ACPI: RSDP 0x00000000000E0000 000024 (v02 VBOX  )
Apr  5 18:39:36 localhost kernel: ACPI: XSDT 0x000000007FFF0030 00003C (v01 VBOX   VBOXXSDT 00000001 ASL  00000061)
Apr  5 18:39:36 localhost kernel: ACPI: FACP 0x000000007FFF00F0 0000F4 (v04 VBOX   VBOXFACP 00000001 ASL  00000061)
Apr  5 18:39:36 localhost kernel: ACPI: DSDT 0x000000007FFF0470 0021FF (v02 VBOX   VBOXBIOS 00000002 INTL 20100528)
Apr  5 18:39:36 localhost kernel: ACPI: FACS 0x000000007FFF0200 000040
Apr  5 18:39:36 localhost kernel: ACPI: FACS 0x000000007FFF0200 000040
Apr  5 18:39:36 localhost kernel: ACPI: APIC 0x000000007FFF0240 000054 (v02 VBOX   VBOXAPIC 00000001 ASL  00000061)
Apr  5 18:39:36 localhost kernel: ACPI: SSDT 0x000000007FFF02A0 0001CC (v01 VBOX   VBOXCPUT 00000002 INTL 20100528)
Apr  5 18:39:36 localhost kernel: No NUMA configuration found
Apr  5 18:39:36 localhost kernel: Faking a node at [mem 0x0000000000000000-0x000000007ffeffff]
Apr  5 18:39:36 localhost kernel: NODE_DATA(0) allocated [mem 0x7ffc5000-0x7ffeffff]
Apr  5 18:39:36 localhost kernel: kvm-clock: cpu 0, msr 0:7ffb4001, primary cpu clock
Apr  5 18:39:36 localhost kernel: kvm-clock: Using msrs 4b564d01 and 4b564d00
Apr  5 18:39:36 localhost kernel: kvm-clock: using sched offset of 1256139751143 cycles
Apr  5 18:39:36 localhost kernel: clocksource: kvm-clock: mask: 0xffffffffffffffff max_cycles: 0x1cd42e4dffb, max_idle_ns: 881590591483 ns
Apr  5 18:39:36 localhost kernel: Zone ranges:
Apr  5 18:39:36 localhost kernel:  DMA      [mem 0x0000000000001000-0x0000000000ffffff]
Apr  5 18:39:36 localhost kernel:  DMA32    [mem 0x0000000001000000-0x000000007ffeffff]
Apr  5 18:39:36 localhost kernel:  Normal   empty
Apr  5 18:39:36 localhost kernel:  Device   empty
Apr  5 18:39:36 localhost kernel: Movable zone start for each node
Apr  5 18:39:36 localhost kernel: Early memory node ranges
Apr  5 18:39:36 localhost kernel:  node   0: [mem 0x0000000000001000-0x000000000009efff]
Apr  5 18:39:36 localhost kernel:  node   0: [mem 0x0000000000100000-0x000000007ffeffff]
Apr  5 18:39:36 localhost kernel: Reserved but unavailable: 114 pages
Apr  5 18:39:36 localhost kernel: Initmem setup node 0 [mem 0x0000000000001000-0x000000007ffeffff]
Apr  5 18:39:36 localhost kernel: ACPI: PM-Timer IO Port: 0x4008
Apr  5 18:39:36 localhost kernel: IOAPIC[0]: apic_id 1, version 32, address 0xfec00000, GSI 0-23
Apr  5 18:39:36 localhost kernel: ACPI: INT_SRC_OVR (bus 0 bus_irq 0 global_irq 2 dfl dfl)
Apr  5 18:39:36 localhost kernel: ACPI: INT_SRC_OVR (bus 0 bus_irq 9 global_irq 9 low level)
Apr  5 18:39:36 localhost kernel: Using ACPI (MADT) for SMP configuration information
Apr  5 18:39:36 localhost kernel: smpboot: Allowing 1 CPUs, 0 hotplug CPUs
Apr  5 18:39:36 localhost kernel: PM: Registered nosave memory: [mem 0x00000000-0x00000fff]
Apr  5 18:39:36 localhost kernel: PM: Registered nosave memory: [mem 0x0009f000-0x0009ffff]
Apr  5 18:39:36 localhost kernel: PM: Registered nosave memory: [mem 0x000a0000-0x000effff]
Apr  5 18:39:36 localhost kernel: PM: Registered nosave memory: [mem 0x000f0000-0x000fffff]
Apr  5 18:39:36 localhost kernel: [mem 0x80000000-0xfebfffff] available for PCI devices
Apr  5 18:39:36 localhost kernel: Booting paravirtualized kernel on KVM
Apr  5 18:39:36 localhost kernel: clocksource: refined-jiffies: mask: 0xffffffff max_cycles: 0xffffffff, max_idle_ns: 1910969940391419 ns
Apr  5 18:39:36 localhost kernel: random: get_random_bytes called from start_kernel+0x93/0x558 with crng_init=0
Apr  5 18:39:36 localhost kernel: setup_percpu: NR_CPUS:1024 nr_cpumask_bits:1 nr_cpu_ids:1 nr_node_ids:1
Apr  5 18:39:36 localhost kernel: percpu: Embedded 45 pages/cpu @(____ptrval____) s147456 r8192 d28672 u2097152
Apr  5 18:39:36 localhost kernel: Built 1 zonelists, mobility grouping on.  Total pages: 515961
Apr  5 18:39:36 localhost kernel: Policy zone: DMA32
Apr  5 18:39:36 localhost kernel: Kernel command line: BOOT_IMAGE=/vmlinuz-4.18.16-300.fc29.x86_64 root=/dev/mapper/fedora-root ro resume=/dev/mapper/fedora-swap rd.lvm.lv=fedora/root rd.lvm.lv=fedora/swap rhgb quiet LANG=en_US.UTF-8
Apr  5 18:39:36 localhost kernel: Memory: 2012956K/2096696K available (12300K kernel code, 1624K rwdata, 4056K rodata, 2160K init, 1336K bss, 83740K reserved, 0K cma-reserved)
Apr  5 18:39:36 localhost kernel: SLUB: HWalign=64, Order=0-3, MinObjects=0, CPUs=1, Nodes=1
Apr  5 18:39:36 localhost kernel: Kernel/User page tables isolation: enabled
Apr  5 18:39:36 localhost kernel: ftrace: allocating 37988 entries in 149 pages
Apr  5 18:39:36 localhost kernel: Hierarchical RCU implementation.
Apr  5 18:39:36 localhost kernel: #011RCU restricting CPUs from NR_CPUS=1024 to nr_cpu_ids=1.
Apr  5 18:39:36 localhost kernel: #011Tasks RCU enabled.
Apr  5 18:39:36 localhost kernel: RCU: Adjusting geometry for rcu_fanout_leaf=16, nr_cpu_ids=1
Apr  5 18:39:36 localhost kernel: NR_IRQS: 65792, nr_irqs: 256, preallocated irqs: 16
Apr  5 18:39:36 localhost kernel: Console: colour VGA+ 80x25
Apr  5 18:39:36 localhost kernel: console [tty0] enabled
Apr  5 18:39:36 localhost kernel: ACPI: Core revision 20180531
Apr  5 18:39:36 localhost kernel: APIC: Switch to symmetric I/O mode setup
Apr  5 18:39:36 localhost kernel: x2apic enabled
Apr  5 18:39:36 localhost kernel: Switched APIC routing to physical x2apic.
Apr  5 18:39:36 localhost kernel: ..TIMER: vector=0x30 apic1=0 pin1=2 apic2=-1 pin2=-1
Apr  5 18:39:36 localhost kernel: tsc: Detected 3200.000 MHz processor
Apr  5 18:39:36 localhost kernel: clocksource: tsc-early: mask: 0xffffffffffffffff max_cycles: 0x2e204a37a46, max_idle_ns: 440795338293 ns
Apr  5 18:39:36 localhost kernel: Calibrating delay loop (skipped) preset value.. 6400.00 BogoMIPS (lpj=3200000)
Apr  5 18:39:36 localhost kernel: pid_max: default: 32768 minimum: 301
Apr  5 18:39:36 localhost kernel: Security Framework initialized
Apr  5 18:39:36 localhost kernel: Yama: becoming mindful.
Apr  5 18:39:36 localhost kernel: SELinux:  Initializing.
Apr  5 18:39:36 localhost kernel: Dentry cache hash table entries: 262144 (order: 9, 2097152 bytes)
Apr  5 18:39:36 localhost kernel: Inode-cache hash table entries: 131072 (order: 8, 1048576 bytes)
Apr  5 18:39:36 localhost kernel: Mount-cache hash table entries: 4096 (order: 3, 32768 bytes)
Apr  5 18:39:36 localhost kernel: Mountpoint-cache hash table entries: 4096 (order: 3, 32768 bytes)
Apr  5 18:39:36 localhost kernel: mce: CPU supports 0 MCE banks
Apr  5 18:39:36 localhost kernel: process: using mwait in idle threads
Apr  5 18:39:36 localhost kernel: Last level iTLB entries: 4KB 1024, 2MB 1024, 4MB 1024
Apr  5 18:39:36 localhost kernel: Last level dTLB entries: 4KB 1024, 2MB 1024, 4MB 1024, 1GB 4
Apr  5 18:39:36 localhost kernel: Spectre V2 : Mitigation: Full generic retpoline
Apr  5 18:39:36 localhost kernel: Spectre V2 : Spectre v2 / SpectreRSB mitigation: Filling RSB on context switch
Apr  5 18:39:36 localhost kernel: Speculative Store Bypass: Vulnerable
Apr  5 18:39:36 localhost kernel: Freeing SMP alternatives memory: 36K
Apr  5 18:39:36 localhost kernel: smpboot: CPU0: Intel(R) Core(TM) i5-4570 CPU @ 3.20GHz (family: 0x6, model: 0x3c, stepping: 0x3)
Apr  5 18:39:36 localhost kernel: Performance Events: unsupported p6 CPU model 60 no PMU driver, software events only.
Apr  5 18:39:36 localhost kernel: Hierarchical SRCU implementation.
Apr  5 18:39:36 localhost kernel: random: crng done (trusting CPU's manufacturer)
Apr  5 18:39:36 localhost kernel: NMI watchdog: Perf event create on CPU 0 failed with -2
Apr  5 18:39:36 localhost kernel: NMI watchdog: Perf NMI watchdog permanently disabled
Apr  5 18:39:36 localhost kernel: smp: Bringing up secondary CPUs ...
Apr  5 18:39:36 localhost kernel: smp: Brought up 1 node, 1 CPU
Apr  5 18:39:36 localhost kernel: smpboot: Max logical packages: 1
Apr  5 18:39:36 localhost kernel: smpboot: Total of 1 processors activated (6400.00 BogoMIPS)
Apr  5 18:39:36 localhost kernel: devtmpfs: initialized
Apr  5 18:39:36 localhost kernel: x86/mm: Memory block size: 128MB
Apr  5 18:39:36 localhost kernel: clocksource: jiffies: mask: 0xffffffff max_cycles: 0xffffffff, max_idle_ns: 1911260446275000 ns
Apr  5 18:39:36 localhost kernel: futex hash table entries: 256 (order: 2, 16384 bytes)
Apr  5 18:39:36 localhost kernel: pinctrl core: initialized pinctrl subsystem
Apr  5 18:39:36 localhost kernel: RTC time:  1:39:34, date: 04/06/19
Apr  5 18:39:36 localhost kernel: NET: Registered protocol family 16
Apr  5 18:39:36 localhost kernel: audit: initializing netlink subsys (disabled)
Apr  5 18:39:36 localhost kernel: cpuidle: using governor menu
Apr  5 18:39:36 localhost kernel: ACPI: bus type PCI registered
Apr  5 18:39:36 localhost kernel: acpiphp: ACPI Hot Plug PCI Controller Driver version: 0.5
Apr  5 18:39:36 localhost kernel: PCI: Using configuration type 1 for base access
Apr  5 18:39:36 localhost kernel: audit: type=2000 audit(1554516032.555:1): state=initialized audit_enabled=0 res=1
Apr  5 18:39:36 localhost kernel: HugeTLB registered 2.00 MiB page size, pre-allocated 0 pages
Apr  5 18:39:36 localhost kernel: cryptd: max_cpu_qlen set to 1000
Apr  5 18:39:36 localhost kernel: ACPI: Added _OSI(Module Device)
Apr  5 18:39:36 localhost kernel: ACPI: Added _OSI(Processor Device)
Apr  5 18:39:36 localhost kernel: ACPI: Added _OSI(3.0 _SCP Extensions)
Apr  5 18:39:36 localhost kernel: ACPI: Added _OSI(Processor Aggregator Device)
Apr  5 18:39:36 localhost kernel: ACPI: Added _OSI(Linux-Dell-Video)
Apr  5 18:39:36 localhost kernel: ACPI: 2 ACPI AML tables successfully acquired and loaded
Apr  5 18:39:36 localhost kernel: ACPI: Interpreter enabled
Apr  5 18:39:36 localhost kernel: ACPI: (supports S0 S5)
Apr  5 18:39:36 localhost kernel: ACPI: Using IOAPIC for interrupt routing
Apr  5 18:39:36 localhost kernel: PCI: Using host bridge windows from ACPI; if necessary, use "pci=nocrs" and report a bug
Apr  5 18:39:36 localhost kernel: ACPI: Enabled 2 GPEs in block 00 to 07
Apr  5 18:39:36 localhost kernel: ACPI: PCI Root Bridge [PCI0] (domain 0000 [bus 00-ff])
Apr  5 18:39:36 localhost kernel: acpi PNP0A03:00: _OSC: OS supports [ASPM ClockPM Segments MSI]
Apr  5 18:39:36 localhost kernel: acpi PNP0A03:00: _OSC: not requesting OS control; OS requires [ExtendedConfig ASPM ClockPM MSI]
Apr  5 18:39:36 localhost kernel: acpi PNP0A03:00: fail to add MMCONFIG information, can't access extended PCI configuration space under this bridge.
Apr  5 18:39:36 localhost kernel: PCI host bridge to bus 0000:00
Apr  5 18:39:36 localhost kernel: pci_bus 0000:00: root bus resource [io  0x0000-0x0cf7 window]
Apr  5 18:39:36 localhost kernel: pci_bus 0000:00: root bus resource [io  0x0d00-0xffff window]
Apr  5 18:39:36 localhost kernel: pci_bus 0000:00: root bus resource [mem 0x000a0000-0x000bffff window]
Apr  5 18:39:36 localhost kernel: pci_bus 0000:00: root bus resource [mem 0x80000000-0xfdffffff window]
Apr  5 18:39:36 localhost kernel: pci_bus 0000:00: root bus resource [bus 00-ff]
Apr  5 18:39:36 localhost kernel: pci 0000:00:01.1: legacy IDE quirk: reg 0x10: [io  0x01f0-0x01f7]
Apr  5 18:39:36 localhost kernel: pci 0000:00:01.1: legacy IDE quirk: reg 0x14: [io  0x03f6]
Apr  5 18:39:36 localhost kernel: pci 0000:00:01.1: legacy IDE quirk: reg 0x18: [io  0x0170-0x0177]
Apr  5 18:39:36 localhost kernel: pci 0000:00:01.1: legacy IDE quirk: reg 0x1c: [io  0x0376]
Apr  5 18:39:36 localhost kernel: pci 0000:00:07.0: quirk: [io  0x4000-0x403f] claimed by PIIX4 ACPI
Apr  5 18:39:36 localhost kernel: pci 0000:00:07.0: quirk: [io  0x4100-0x410f] claimed by PIIX4 SMB
Apr  5 18:39:36 localhost kernel: ACPI: PCI Interrupt Link [LNKA] (IRQs 5 9 10 *11)
Apr  5 18:39:36 localhost kernel: ACPI: PCI Interrupt Link [LNKB] (IRQs 5 9 *10 11)
Apr  5 18:39:36 localhost kernel: ACPI: PCI Interrupt Link [LNKC] (IRQs 5 *9 10 11)
Apr  5 18:39:36 localhost kernel: ACPI: PCI Interrupt Link [LNKD] (IRQs 5 9 10 *11)
Apr  5 18:39:36 localhost kernel: pci 0000:00:02.0: vgaarb: setting as boot VGA device
Apr  5 18:39:36 localhost kernel: pci 0000:00:02.0: vgaarb: VGA device added: decodes=io+mem,owns=io+mem,locks=none
Apr  5 18:39:36 localhost kernel: pci 0000:00:02.0: vgaarb: bridge control possible
Apr  5 18:39:36 localhost kernel: vgaarb: loaded
Apr  5 18:39:36 localhost kernel: SCSI subsystem initialized
Apr  5 18:39:36 localhost kernel: ACPI: bus type USB registered
Apr  5 18:39:36 localhost kernel: usbcore: registered new interface driver usbfs
Apr  5 18:39:36 localhost kernel: usbcore: registered new interface driver hub
Apr  5 18:39:36 localhost kernel: usbcore: registered new device driver usb
Apr  5 18:39:36 localhost kernel: pps_core: LinuxPPS API ver. 1 registered
Apr  5 18:39:36 localhost kernel: pps_core: Software ver. 5.3.6 - Copyright 2005-2007 Rodolfo Giometti <giometti@linux.it>
Apr  5 18:39:36 localhost kernel: PTP clock support registered
Apr  5 18:39:36 localhost kernel: EDAC MC: Ver: 3.0.0
Apr  5 18:39:36 localhost kernel: PCI: Using ACPI for IRQ routing
Apr  5 18:39:36 localhost kernel: NetLabel: Initializing
Apr  5 18:39:36 localhost kernel: NetLabel:  domain hash size = 128
Apr  5 18:39:36 localhost kernel: NetLabel:  protocols = UNLABELED CIPSOv4 CALIPSO
Apr  5 18:39:36 localhost kernel: NetLabel:  unlabeled traffic allowed by default
Apr  5 18:39:36 localhost kernel: clocksource: Switched to clocksource kvm-clock
Apr  5 18:39:36 localhost kernel: VFS: Disk quotas dquot_6.6.0
Apr  5 18:39:36 localhost kernel: VFS: Dquot-cache hash table entries: 512 (order 0, 4096 bytes)
Apr  5 18:39:36 localhost kernel: pnp: PnP ACPI init
Apr  5 18:39:36 localhost kernel: pnp: PnP ACPI: found 2 devices
Apr  5 18:39:36 localhost kernel: clocksource: acpi_pm: mask: 0xffffff max_cycles: 0xffffff, max_idle_ns: 2085701024 ns
Apr  5 18:39:36 localhost kernel: NET: Registered protocol family 2
Apr  5 18:39:36 localhost kernel: tcp_listen_portaddr_hash hash table entries: 1024 (order: 2, 16384 bytes)
Apr  5 18:39:36 localhost kernel: TCP established hash table entries: 16384 (order: 5, 131072 bytes)
Apr  5 18:39:36 localhost kernel: TCP bind hash table entries: 16384 (order: 6, 262144 bytes)
Apr  5 18:39:36 localhost kernel: TCP: Hash tables configured (established 16384 bind 16384)
Apr  5 18:39:36 localhost kernel: UDP hash table entries: 1024 (order: 3, 32768 bytes)
Apr  5 18:39:36 localhost kernel: UDP-Lite hash table entries: 1024 (order: 3, 32768 bytes)
Apr  5 18:39:36 localhost kernel: NET: Registered protocol family 1
Apr  5 18:39:36 localhost kernel: pci 0000:00:00.0: Limiting direct PCI/PCI transfers
Apr  5 18:39:36 localhost kernel: pci 0000:00:01.0: Activating ISA DMA hang workarounds
Apr  5 18:39:36 localhost kernel: pci 0000:00:02.0: Video device with shadowed ROM at [mem 0x000c0000-0x000dffff]
Apr  5 18:39:36 localhost kernel: Unpacking initramfs...
Apr  5 18:39:36 localhost kernel: Freeing initrd memory: 23040K
Apr  5 18:39:36 localhost kernel: clocksource: tsc: mask: 0xffffffffffffffff max_cycles: 0x2e204a37a46, max_idle_ns: 440795338293 ns
Apr  5 18:39:36 localhost kernel: platform rtc_cmos: registered platform RTC device (no PNP device found)
Apr  5 18:39:36 localhost kernel: Initialise system trusted keyrings
Apr  5 18:39:36 localhost kernel: Key type blacklist registered
Apr  5 18:39:36 localhost kernel: workingset: timestamp_bits=36 max_order=19 bucket_order=0
Apr  5 18:39:36 localhost kernel: zbud: loaded
Apr  5 18:39:36 localhost kernel: pstore: using deflate compression
Apr  5 18:39:36 localhost kernel: alg: No test for 842 (842-generic)
Apr  5 18:39:36 localhost kernel: alg: No test for 842 (842-scomp)
Apr  5 18:39:36 localhost kernel: NET: Registered protocol family 38
Apr  5 18:39:36 localhost kernel: Key type asymmetric registered
Apr  5 18:39:36 localhost kernel: Asymmetric key parser 'x509' registered
Apr  5 18:39:36 localhost kernel: Block layer SCSI generic (bsg) driver version 0.4 loaded (major 244)
Apr  5 18:39:36 localhost kernel: io scheduler noop registered
Apr  5 18:39:36 localhost kernel: io scheduler deadline registered
Apr  5 18:39:36 localhost kernel: io scheduler cfq registered (default)
Apr  5 18:39:36 localhost kernel: io scheduler mq-deadline registered
Apr  5 18:39:36 localhost kernel: atomic64_test: passed for x86-64 platform with CX8 and with SSE
Apr  5 18:39:36 localhost kernel: shpchp: Standard Hot Plug PCI Controller Driver version: 0.4
Apr  5 18:39:36 localhost kernel: ACPI: AC Adapter [AC] (on-line)
Apr  5 18:39:36 localhost kernel: input: Power Button as /devices/LNXSYSTM:00/LNXPWRBN:00/input/input0
Apr  5 18:39:36 localhost kernel: ACPI: Power Button [PWRF]
Apr  5 18:39:36 localhost kernel: input: Sleep Button as /devices/LNXSYSTM:00/LNXSLPBN:00/input/input1
Apr  5 18:39:36 localhost kernel: ACPI: Sleep Button [SLPF]
Apr  5 18:39:36 localhost kernel: Serial: 8250/16550 driver, 32 ports, IRQ sharing enabled
Apr  5 18:39:36 localhost kernel: Non-volatile memory driver v1.3
Apr  5 18:39:36 localhost kernel: Linux agpgart interface v0.103
Apr  5 18:39:36 localhost kernel: ahci 0000:00:0d.0: SSS flag set, parallel bus scan disabled
Apr  5 18:39:36 localhost kernel: ahci 0000:00:0d.0: AHCI 0001.0100 32 slots 2 ports 3 Gbps 0x3 impl SATA mode
Apr  5 18:39:36 localhost kernel: ahci 0000:00:0d.0: flags: 64bit ncq stag only ccc 
Apr  5 18:39:36 localhost kernel: scsi host0: ahci
Apr  5 18:39:36 localhost kernel: scsi host1: ahci
Apr  5 18:39:36 localhost kernel: ata1: SATA max UDMA/133 abar m8192@0xf0806000 port 0xf0806100 irq 21
Apr  5 18:39:36 localhost kernel: ata2: SATA max UDMA/133 abar m8192@0xf0806000 port 0xf0806180 irq 21
Apr  5 18:39:36 localhost kernel: scsi host2: ata_piix
Apr  5 18:39:36 localhost kernel: scsi host3: ata_piix
Apr  5 18:39:36 localhost kernel: ata3: PATA max UDMA/33 cmd 0x1f0 ctl 0x3f6 bmdma 0xd000 irq 14
Apr  5 18:39:36 localhost kernel: ata4: PATA max UDMA/33 cmd 0x170 ctl 0x376 bmdma 0xd008 irq 15
Apr  5 18:39:36 localhost kernel: libphy: Fixed MDIO Bus: probed
Apr  5 18:39:36 localhost kernel: ehci_hcd: USB 2.0 'Enhanced' Host Controller (EHCI) Driver
Apr  5 18:39:36 localhost kernel: ehci-pci: EHCI PCI platform driver
Apr  5 18:39:36 localhost kernel: ohci_hcd: USB 1.1 'Open' Host Controller (OHCI) Driver
Apr  5 18:39:36 localhost kernel: ohci-pci: OHCI PCI platform driver
Apr  5 18:39:36 localhost kernel: ohci-pci 0000:00:06.0: OHCI PCI host controller
Apr  5 18:39:36 localhost kernel: ohci-pci 0000:00:06.0: new USB bus registered, assigned bus number 1
Apr  5 18:39:36 localhost kernel: ohci-pci 0000:00:06.0: irq 22, io mem 0xf0804000
Apr  5 18:39:36 localhost kernel: usb usb1: New USB device found, idVendor=1d6b, idProduct=0001, bcdDevice= 4.18
Apr  5 18:39:36 localhost kernel: usb usb1: New USB device strings: Mfr=3, Product=2, SerialNumber=1
Apr  5 18:39:36 localhost kernel: usb usb1: Product: OHCI PCI host controller
Apr  5 18:39:36 localhost kernel: usb usb1: Manufacturer: Linux 4.18.16-300.fc29.x86_64 ohci_hcd
Apr  5 18:39:36 localhost kernel: usb usb1: SerialNumber: 0000:00:06.0
Apr  5 18:39:36 localhost kernel: hub 1-0:1.0: USB hub found
Apr  5 18:39:36 localhost kernel: hub 1-0:1.0: 12 ports detected
Apr  5 18:39:36 localhost kernel: uhci_hcd: USB Universal Host Controller Interface driver
Apr  5 18:39:36 localhost kernel: usbcore: registered new interface driver usbserial_generic
Apr  5 18:39:36 localhost kernel: usbserial: USB Serial support registered for generic
Apr  5 18:39:36 localhost kernel: i8042: PNP: PS/2 Controller [PNP0303:PS2K,PNP0f03:PS2M] at 0x60,0x64 irq 1,12
Apr  5 18:39:36 localhost kernel: serio: i8042 KBD port at 0x60,0x64 irq 1
Apr  5 18:39:36 localhost kernel: serio: i8042 AUX port at 0x60,0x64 irq 12
Apr  5 18:39:36 localhost kernel: mousedev: PS/2 mouse device common for all mice
Apr  5 18:39:36 localhost kernel: input: AT Translated Set 2 keyboard as /devices/platform/i8042/serio0/input/input2
Apr  5 18:39:36 localhost kernel: rtc_cmos rtc_cmos: registered as rtc0
Apr  5 18:39:36 localhost kernel: rtc_cmos rtc_cmos: alarms up to one day, 114 bytes nvram
Apr  5 18:39:36 localhost kernel: device-mapper: uevent: version 1.0.3
Apr  5 18:39:36 localhost kernel: device-mapper: ioctl: 4.39.0-ioctl (2018-04-03) initialised: dm-devel@redhat.com
Apr  5 18:39:36 localhost kernel: hidraw: raw HID events driver (C) Jiri Kosina
Apr  5 18:39:36 localhost kernel: usbcore: registered new interface driver usbhid
Apr  5 18:39:36 localhost kernel: usbhid: USB HID core driver
Apr  5 18:39:36 localhost kernel: drop_monitor: Initializing network drop monitor service
Apr  5 18:39:36 localhost kernel: Initializing XFRM netlink socket
Apr  5 18:39:36 localhost kernel: NET: Registered protocol family 10
Apr  5 18:39:36 localhost kernel: Segment Routing with IPv6
Apr  5 18:39:36 localhost kernel: mip6: Mobile IPv6
Apr  5 18:39:36 localhost kernel: NET: Registered protocol family 17
Apr  5 18:39:36 localhost kernel: RAS: Correctable Errors collector initialized.
Apr  5 18:39:36 localhost kernel: AVX2 version of gcm_enc/dec engaged.
Apr  5 18:39:36 localhost kernel: AES CTR mode by8 optimization enabled
Apr  5 18:39:36 localhost kernel: sched_clock: Marking stable (569156911, 0)->(819300489, -250143578)
Apr  5 18:39:36 localhost kernel: registered taskstats version 1
Apr  5 18:39:36 localhost kernel: Loading compiled-in X.509 certificates
Apr  5 18:39:36 localhost kernel: Loaded X.509 cert 'Fedora kernel signing key: e6f292c78964456fa910a52a28608cd27ca5f788'
Apr  5 18:39:36 localhost kernel: zswap: loaded using pool lzo/zbud
Apr  5 18:39:36 localhost kernel: Key type big_key registered
Apr  5 18:39:36 localhost kernel: Key type encrypted registered
Apr  5 18:39:36 localhost kernel: ima: No TPM chip found, activating TPM-bypass! (rc=-19)
Apr  5 18:39:36 localhost kernel: ima: Allocated hash algorithm: sha1
Apr  5 18:39:36 localhost kernel:  Magic number: 15:671:659
Apr  5 18:39:36 localhost kernel: rtc_cmos rtc_cmos: setting system clock to 2019-04-06 01:39:35 UTC (1554514775)
Apr  5 18:39:36 localhost kernel: ata3.00: ATAPI: VBOX CD-ROM, 1.0, max UDMA/133
Apr  5 18:39:36 localhost kernel: input: ImExPS/2 Generic Explorer Mouse as /devices/platform/i8042/serio1/input/input4
Apr  5 18:39:36 localhost kernel: ata1: SATA link up 3.0 Gbps (SStatus 123 SControl 300)
Apr  5 18:39:36 localhost kernel: ata1.00: ATA-6: VBOX HARDDISK, 1.0, max UDMA/133
Apr  5 18:39:36 localhost kernel: ata1.00: 41943040 sectors, multi 128: LBA48 NCQ (depth 32)
Apr  5 18:39:36 localhost kernel: ata1.00: configured for UDMA/133
Apr  5 18:39:36 localhost kernel: scsi 0:0:0:0: Direct-Access     ATA      VBOX HARDDISK    1.0  PQ: 0 ANSI: 5
Apr  5 18:39:36 localhost kernel: sd 0:0:0:0: [sda] 41943040 512-byte logical blocks: (21.5 GB/20.0 GiB)
Apr  5 18:39:36 localhost kernel: sd 0:0:0:0: [sda] Write Protect is off
Apr  5 18:39:36 localhost kernel: sd 0:0:0:0: [sda] Write cache: enabled, read cache: enabled, doesn't support DPO or FUA
Apr  5 18:39:36 localhost kernel: sd 0:0:0:0: Attached scsi generic sg0 type 0
Apr  5 18:39:36 localhost kernel: sda: sda1 sda2
Apr  5 18:39:36 localhost kernel: sd 0:0:0:0: [sda] Attached SCSI disk
Apr  5 18:39:36 localhost kernel: usb 1-1: new full-speed USB device number 2 using ohci-pci
Apr  5 18:39:36 localhost kernel: ata2: SATA link up 3.0 Gbps (SStatus 123 SControl 300)
Apr  5 18:39:36 localhost kernel: ata2.00: ATA-6: VBOX HARDDISK, 1.0, max UDMA/133
Apr  5 18:39:36 localhost kernel: ata2.00: 16777216 sectors, multi 128: LBA48 NCQ (depth 32)
Apr  5 18:39:36 localhost kernel: ata2.00: configured for UDMA/133
Apr  5 18:39:36 localhost kernel: scsi 1:0:0:0: Direct-Access     ATA      VBOX HARDDISK    1.0  PQ: 0 ANSI: 5
Apr  5 18:39:36 localhost kernel: sd 1:0:0:0: [sdb] 16777216 512-byte logical blocks: (8.59 GB/8.00 GiB)
Apr  5 18:39:36 localhost kernel: sd 1:0:0:0: [sdb] Write Protect is off
Apr  5 18:39:36 localhost kernel: sd 1:0:0:0: [sdb] Write cache: enabled, read cache: enabled, doesn't support DPO or FUA
Apr  5 18:39:36 localhost kernel: sd 1:0:0:0: Attached scsi generic sg1 type 0
Apr  5 18:39:36 localhost kernel: scsi 2:0:0:0: CD-ROM            VBOX     CD-ROM           1.0  PQ: 0 ANSI: 5
Apr  5 18:39:36 localhost kernel: sdb: sdb1
Apr  5 18:39:36 localhost kernel: sd 1:0:0:0: [sdb] Attached SCSI disk
Apr  5 18:39:36 localhost kernel: sr 2:0:0:0: [sr0] scsi3-mmc drive: 32x/32x xa/form2 tray
Apr  5 18:39:36 localhost kernel: cdrom: Uniform CD-ROM driver Revision: 3.20
Apr  5 18:39:36 localhost kernel: sr 2:0:0:0: Attached scsi generic sg2 type 5
Apr  5 18:39:36 localhost kernel: Freeing unused kernel image memory: 2160K
Apr  5 18:39:36 localhost kernel: Write protecting the kernel read-only data: 18432k
Apr  5 18:39:36 localhost kernel: Freeing unused kernel image memory: 2012K
Apr  5 18:39:36 localhost kernel: Freeing unused kernel image memory: 40K
Apr  5 18:39:36 localhost kernel: x86/mm: Checked W+X mappings: passed, no W+X pages found.
Apr  5 18:39:36 localhost kernel: x86/mm: Checking user space page tables
Apr  5 18:39:36 localhost kernel: x86/mm: Checked W+X mappings: passed, no W+X pages found.
Apr  5 18:39:36 localhost kernel: rodata_test: all tests were successful
Apr  5 18:39:36 localhost systemd[1]: systemd 239 running in system mode. (+PAM +AUDIT +SELINUX +IMA -APPARMOR +SMACK +SYSVINIT +UTMP +LIBCRYPTSETUP +GCRYPT +GNUTLS +ACL +XZ +LZ4 +SECCOMP +BLKID +ELFUTILS +KMOD +IDN2 -IDN +PCRE2 default-hierarchy=hybrid)
Apr  5 18:39:36 localhost systemd[1]: Detected virtualization oracle.
Apr  5 18:39:36 localhost systemd[1]: Detected architecture x86-64.
Apr  5 18:39:36 localhost systemd[1]: Running in initial RAM disk.
Apr  5 18:39:36 localhost systemd[1]: Set hostname to <localhost.localdomain>.
Apr  5 18:39:36 localhost kernel: usb 1-1: New USB device found, idVendor=80ee, idProduct=0021, bcdDevice= 1.00
Apr  5 18:39:36 localhost kernel: usb 1-1: New USB device strings: Mfr=1, Product=3, SerialNumber=0
Apr  5 18:39:36 localhost kernel: usb 1-1: Product: USB Tablet
Apr  5 18:39:36 localhost kernel: usb 1-1: Manufacturer: VirtualBox
Apr  5 18:39:36 localhost kernel: input: VirtualBox USB Tablet as /devices/pci0000:00/0000:00:06.0/usb1/1-1/1-1:1.0/0003:80EE:0021.0001/input/input5
Apr  5 18:39:36 localhost kernel: hid-generic 0003:80EE:0021.0001: input,hidraw0: USB HID v1.10 Mouse [VirtualBox USB Tablet] on usb-0000:00:06.0-1/input0
Apr  5 18:39:36 localhost systemd[1]: Created slice system-systemd\x2dhibernate\x2dresume.slice.
Apr  5 18:39:36 localhost systemd[1]: Reached target Slices.
Apr  5 18:39:36 localhost systemd[1]: Listening on Journal Socket.
Apr  5 18:39:36 localhost systemd[1]: Reached target Timers.
Apr  5 18:39:36 localhost systemd[1]: Reached target Swap.
Apr  5 18:39:36 localhost systemd-journald[198]: Journal started
Apr  5 18:39:36 localhost systemd-journald[198]: Runtime journal (/run/log/journal/dfa5dd8315d141ccb59210a1da1541ab) is 8.0M, max 99.6M, 91.6M free.
Apr  5 18:39:36 localhost audit[1]: SERVICE_START pid=1 uid=0 auid=4294967295 ses=4294967295 subj=kernel msg='unit=systemd-journald comm="systemd" exe="/usr/lib/systemd/systemd" hostname=? addr=? terminal=? res=success'
Apr  5 18:39:36 localhost dracut-cmdline[197]: dracut-29 (Workstation Edition) dracut-048-14.git20180726.fc29
Apr  5 18:39:36 localhost dracut-cmdline[197]: Using kernel command line parameters: BOOT_IMAGE=/vmlinuz-4.18.16-300.fc29.x86_64 root=/dev/mapper/fedora-root ro resume=/dev/mapper/fedora-swap rd.lvm.lv=fedora/root rd.lvm.lv=fedora/swap rhgb quiet LANG=en_US.UTF-8
Apr  5 18:39:36 localhost kernel: audit: type=1130 audit(1554514776.227:2): pid=1 uid=0 auid=4294967295 ses=4294967295 subj=kernel msg='unit=systemd-journald comm="systemd" exe="/usr/lib/systemd/systemd" hostname=? addr=? terminal=? res=success'
Apr  5 18:39:36 localhost audit[1]: SERVICE_START pid=1 uid=0 auid=4294967295 ses=4294967295 subj=kernel msg='unit=dracut-cmdline comm="systemd" exe="/usr/lib/systemd/systemd" hostname=? addr=? terminal=? res=success'
Apr  5 18:39:36 localhost systemd[1]: Started dracut cmdline hook.
Apr  5 18:39:36 localhost systemd[1]: Starting dracut pre-udev hook...
Apr  5 18:39:36 localhost kernel: audit: type=1130 audit(1554514776.339:3): pid=1 uid=0 auid=4294967295 ses=4294967295 subj=kernel msg='unit=dracut-cmdline comm="systemd" exe="/usr/lib/systemd/systemd" hostname=? addr=? terminal=? res=success'
Apr  5 18:39:36 localhost audit[1]: SERVICE_START pid=1 uid=0 auid=4294967295 ses=4294967295 subj=kernel msg='unit=dracut-pre-udev comm="systemd" exe="/usr/lib/systemd/systemd" hostname=? addr=? terminal=? res=success'
Apr  5 18:39:36 localhost systemd[1]: Started dracut pre-udev hook.
Apr  5 18:39:36 localhost systemd[1]: Starting udev Kernel Device Manager...
Apr  5 18:39:36 localhost kernel: audit: type=1130 audit(1554514776.375:4): pid=1 uid=0 auid=4294967295 ses=4294967295 subj=kernel msg='unit=dracut-pre-udev comm="systemd" exe="/usr/lib/systemd/systemd" hostname=? addr=? terminal=? res=success'
Apr  5 18:39:36 localhost systemd[1]: Started udev Kernel Device Manager.
Apr  5 18:39:36 localhost systemd[1]: Starting udev Coldplug all Devices...
Apr  5 18:39:36 localhost audit[1]: SERVICE_START pid=1 uid=0 auid=4294967295 ses=4294967295 subj=kernel msg='unit=systemd-udevd comm="systemd" exe="/usr/lib/systemd/systemd" hostname=? addr=? terminal=? res=success'
Apr  5 18:39:36 localhost kernel: audit: type=1130 audit(1554514776.398:5): pid=1 uid=0 auid=4294967295 ses=4294967295 subj=kernel msg='unit=systemd-udevd comm="systemd" exe="/usr/lib/systemd/systemd" hostname=? addr=? terminal=? res=success'
Apr  5 18:39:36 localhost systemd[1]: Started Setup Virtual Console.
Apr  5 18:39:36 localhost audit[1]: SERVICE_START pid=1 uid=0 auid=4294967295 ses=4294967295 subj=kernel msg='unit=systemd-vconsole-setup comm="systemd" exe="/usr/lib/systemd/systemd" hostname=? addr=? terminal=? res=success'
Apr  5 18:39:36 localhost audit[1]: SERVICE_STOP pid=1 uid=0 auid=4294967295 ses=4294967295 subj=kernel msg='unit=systemd-vconsole-setup comm="systemd" exe="/usr/lib/systemd/systemd" hostname=? addr=? terminal=? res=success'
Apr  5 18:39:36 localhost kernel: audit: type=1130 audit(1554514776.462:6): pid=1 uid=0 auid=4294967295 ses=4294967295 subj=kernel msg='unit=systemd-vconsole-setup comm="systemd" exe="/usr/lib/systemd/systemd" hostname=? addr=? terminal=? res=success'
Apr  5 18:39:36 localhost kernel: audit: type=1131 audit(1554514776.462:7): pid=1 uid=0 auid=4294967295 ses=4294967295 subj=kernel msg='unit=systemd-vconsole-setup comm="systemd" exe="/usr/lib/systemd/systemd" hostname=? addr=? terminal=? res=success'
Apr  5 18:39:36 localhost systemd[1]: Mounting Kernel Configuration File System...
Apr  5 18:39:36 localhost systemd[1]: Mounted Kernel Configuration File System.
Apr  5 18:39:36 localhost systemd[1]: Started udev Coldplug all Devices.
Apr  5 18:39:36 localhost audit[1]: SERVICE_START pid=1 uid=0 auid=4294967295 ses=4294967295 subj=kernel msg='unit=systemd-udev-trigger comm="systemd" exe="/usr/lib/systemd/systemd" hostname=? addr=? terminal=? res=success'
Apr  5 18:39:36 localhost systemd[1]: Starting Show Plymouth Boot Screen...
Apr  5 18:39:36 localhost systemd[1]: Starting dracut initqueue hook...
Apr  5 18:39:36 localhost kernel: audit: type=1130 audit(1554514776.497:8): pid=1 uid=0 auid=4294967295 ses=4294967295 subj=kernel msg='unit=systemd-udev-trigger comm="systemd" exe="/usr/lib/systemd/systemd" hostname=? addr=? terminal=? res=success'
Apr  5 18:39:36 localhost systemd[1]: Received SIGRTMIN+20 from PID 341 (plymouthd).
Apr  5 18:39:36 localhost systemd[1]: Started Show Plymouth Boot Screen.
Apr  5 18:39:36 localhost systemd[1]: Started Forward Password Requests to Plymouth Directory Watch.
Apr  5 18:39:36 localhost systemd[1]: Reached target Paths.
Apr  5 18:39:36 localhost audit[1]: SERVICE_START pid=1 uid=0 auid=4294967295 ses=4294967295 subj=kernel msg='unit=plymouth-start comm="systemd" exe="/usr/lib/systemd/systemd" hostname=? addr=? terminal=? res=success'
Apr  5 18:39:36 localhost kernel: audit: type=1130 audit(1554514776.519:9): pid=1 uid=0 auid=4294967295 ses=4294967295 subj=kernel msg='unit=plymouth-start comm="systemd" exe="/usr/lib/systemd/systemd" hostname=? addr=? terminal=? res=success'
Apr  5 18:39:36 localhost kernel: e1000: Intel(R) PRO/1000 Network Driver - version 7.3.21-k8-NAPI
Apr  5 18:39:36 localhost kernel: e1000: Copyright (c) 1999-2006 Intel Corporation.
Apr  5 18:39:36 localhost systemd-udevd[335]: link_config: autonegotiation is unset or enabled, the speed and duplex are not writable.
Apr  5 18:39:36 localhost kernel: vboxvideo: module is from the staging directory, the quality is unknown, you have been warned.
Apr  5 18:39:36 localhost kernel: [drm] VRAM 01000000
Apr  5 18:39:36 localhost kernel: [TTM] Zone  kernel: Available graphics memory: 1020122 kiB
Apr  5 18:39:36 localhost kernel: [TTM] Initializing pool allocator
Apr  5 18:39:36 localhost kernel: [TTM] Initializing DMA pool allocator
Apr  5 18:39:36 localhost kernel: fbcon: vboxdrmfb (fb0) is primary device
Apr  5 18:39:36 localhost kernel: Console: switching to colour frame buffer device 100x37
Apr  5 18:39:36 localhost kernel: vboxvideo 0000:00:02.0: fb0: vboxdrmfb frame buffer device
Apr  5 18:39:36 localhost kernel: [drm] Initialized vboxvideo 1.0.0 20130823 for 0000:00:02.0 on minor 0
Apr  5 18:39:37 localhost kernel: e1000 0000:00:03.0 eth0: (PCI:33MHz:32-bit) 08:00:27:be:30:51
Apr  5 18:39:37 localhost kernel: e1000 0000:00:03.0 eth0: Intel(R) PRO/1000 Network Connection
Apr  5 18:39:37 localhost systemd-udevd[328]: link_config: autonegotiation is unset or enabled, the speed and duplex are not writable.
Apr  5 18:39:37 localhost kernel: e1000 0000:00:03.0 enp0s3: renamed from eth0
Apr  5 18:39:37 localhost dracut-initqueue[340]: Scanning devices sda2  for LVM logical volumes fedora/root fedora/swap
Apr  5 18:39:37 localhost dracut-initqueue[340]: inactive '/dev/fedora/swap' [2.00 GiB] inherit
Apr  5 18:39:37 localhost dracut-initqueue[340]: inactive '/dev/fedora/root' [<17.00 GiB] inherit
Apr  5 18:39:37 localhost systemd[1]: Found device /dev/mapper/fedora-root.
Apr  5 18:39:37 localhost systemd[1]: Reached target Initrd Root Device.
Apr  5 18:39:37 localhost systemd[1]: Found device /dev/mapper/fedora-swap.
Apr  5 18:39:37 localhost systemd[1]: Starting Resume from hibernation using device /dev/mapper/fedora-swap...
Apr  5 18:39:37 localhost audit[1]: SERVICE_START pid=1 uid=0 auid=4294967295 ses=4294967295 subj=kernel msg='unit=dracut-initqueue comm="systemd" exe="/usr/lib/systemd/systemd" hostname=? addr=? terminal=? res=success'
Apr  5 18:39:37 localhost systemd[1]: Started dracut initqueue hook.
Apr  5 18:39:37 localhost systemd[1]: Reached target Remote File Systems (Pre).
Apr  5 18:39:37 localhost systemd[1]: Reached target Remote File Systems.
Apr  5 18:39:37 localhost kernel: audit: type=1130 audit(1554514777.702:10): pid=1 uid=0 auid=4294967295 ses=4294967295 subj=kernel msg='unit=dracut-initqueue comm="systemd" exe="/usr/lib/systemd/systemd" hostname=? addr=? terminal=? res=success'
Apr  5 18:39:37 localhost systemd-hibernate-resume[437]: Could not resume from '/dev/mapper/fedora-swap' (253:1).
Apr  5 18:39:37 localhost systemd[1]: Started Resume from hibernation using device /dev/mapper/fedora-swap.
Apr  5 18:39:37 localhost audit[1]: SERVICE_START pid=1 uid=0 auid=4294967295 ses=4294967295 subj=kernel msg='unit=systemd-hibernate-resume@dev-mapper-fedora\x2dswap comm="systemd" exe="/usr/lib/systemd/systemd" hostname=? addr=? terminal=? res=success'
Apr  5 18:39:37 localhost audit[1]: SERVICE_STOP pid=1 uid=0 auid=4294967295 ses=4294967295 subj=kernel msg='unit=systemd-hibernate-resume@dev-mapper-fedora\x2dswap comm="systemd" exe="/usr/lib/systemd/systemd" hostname=? addr=? terminal=? res=success'
Apr  5 18:39:37 localhost systemd[1]: Reached target Local File Systems (Pre).
Apr  5 18:39:37 localhost systemd[1]: Starting File System Check on /dev/mapper/fedora-root...
Apr  5 18:39:37 localhost systemd[1]: Reached target Local File Systems.
Apr  5 18:39:37 localhost systemd[1]: Starting Create Volatile Files and Directories...
Apr  5 18:39:37 localhost systemd[1]: Started Create Volatile Files and Directories.
Apr  5 18:39:37 localhost systemd[1]: Reached target System Initialization.
Apr  5 18:39:37 localhost systemd[1]: Reached target Basic System.
Apr  5 18:39:37 localhost audit[1]: SERVICE_START pid=1 uid=0 auid=4294967295 ses=4294967295 subj=kernel msg='unit=systemd-tmpfiles-setup comm="systemd" exe="/usr/lib/systemd/systemd" hostname=? addr=? terminal=? res=success'
Apr  5 18:39:37 localhost systemd-fsck[441]: /dev/mapper/fedora-root: Superblock last write time is in the future.
Apr  5 18:39:37 localhost systemd-fsck[441]: #011(by less than a day, probably due to the hardware clock being incorrectly set)
Apr  5 18:39:37 localhost systemd-fsck[441]: /dev/mapper/fedora-root: clean, 157214/1114112 files, 1441912/4455424 blocks
Apr  5 18:39:37 localhost systemd[1]: Started File System Check on /dev/mapper/fedora-root.
Apr  5 18:39:37 localhost systemd[1]: Mounting /sysroot...
Apr  5 18:39:37 localhost audit[1]: SERVICE_START pid=1 uid=0 auid=4294967295 ses=4294967295 subj=kernel msg='unit=systemd-fsck-root comm="systemd" exe="/usr/lib/systemd/systemd" hostname=? addr=? terminal=? res=success'
Apr  5 18:39:37 localhost kernel: EXT4-fs (dm-0): mounted filesystem with ordered data mode. Opts: (null)
Apr  5 18:39:37 localhost systemd[1]: Mounted /sysroot.
Apr  5 18:39:37 localhost systemd[1]: Reached target Initrd Root File System.
Apr  5 18:39:37 localhost systemd[1]: Starting Reload Configuration from the Real Root...
Apr  5 18:39:37 localhost systemd[1]: Reloading.
Apr  5 18:39:38 localhost systemd[1]: Started Reload Configuration from the Real Root.
Apr  5 18:39:38 localhost audit[1]: SERVICE_START pid=1 uid=0 auid=4294967295 ses=4294967295 subj=kernel msg='unit=initrd-parse-etc comm="systemd" exe="/usr/lib/systemd/systemd" hostname=? addr=? terminal=? res=success'
Apr  5 18:39:38 localhost audit[1]: SERVICE_STOP pid=1 uid=0 auid=4294967295 ses=4294967295 subj=kernel msg='unit=initrd-parse-etc comm="systemd" exe="/usr/lib/systemd/systemd" hostname=? addr=? terminal=? res=success'
Apr  5 18:39:38 localhost systemd[1]: Reached target Initrd File Systems.
Apr  5 18:39:38 localhost systemd[1]: Reached target Initrd Default Target.
Apr  5 18:39:38 localhost systemd[1]: Starting dracut pre-pivot and cleanup hook...
Apr  5 18:39:38 localhost systemd[1]: Started dracut pre-pivot and cleanup hook.
Apr  5 18:39:38 localhost audit[1]: SERVICE_START pid=1 uid=0 auid=4294967295 ses=4294967295 subj=kernel msg='unit=dracut-pre-pivot comm="systemd" exe="/usr/lib/systemd/systemd" hostname=? addr=? terminal=? res=success'
Apr  5 18:39:38 localhost systemd[1]: Starting Cleaning Up and Shutting Down Daemons...
Apr  5 18:39:38 localhost systemd[1]: Starting Plymouth switch root service...
Apr  5 18:39:38 localhost systemd[1]: Stopped dracut pre-pivot and cleanup hook.
Apr  5 18:39:38 localhost audit[1]: SERVICE_STOP pid=1 uid=0 auid=4294967295 ses=4294967295 subj=kernel msg='unit=dracut-pre-pivot comm="systemd" exe="/usr/lib/systemd/systemd" hostname=? addr=? terminal=? res=success'
Apr  5 18:39:38 localhost systemd[1]: Stopped target Initrd Default Target.
Apr  5 18:39:38 localhost systemd[1]: Stopped target Initrd Root Device.
Apr  5 18:39:38 localhost systemd[1]: Stopped target Basic System.
Apr  5 18:39:38 localhost systemd[1]: Stopped target Sockets.
Apr  5 18:39:38 localhost systemd[1]: Stopped target Paths.
Apr  5 18:39:38 localhost systemd[1]: Starting Setup Virtual Console...
Apr  5 18:39:38 localhost systemd[1]: Stopped target Timers.
Apr  5 18:39:38 localhost systemd[1]: Stopped target System Initialization.
Apr  5 18:39:38 localhost systemd[1]: Stopped target Swap.
Apr  5 18:39:38 localhost systemd[1]: Stopped Apply Kernel Variables.
Apr  5 18:39:38 localhost audit[1]: SERVICE_START pid=1 uid=0 auid=4294967295 ses=4294967295 subj=kernel msg='unit=systemd-sysctl comm="systemd" exe="/usr/lib/systemd/systemd" hostname=? addr=? terminal=? res=success'
Apr  5 18:39:38 localhost audit[1]: SERVICE_STOP pid=1 uid=0 auid=4294967295 ses=4294967295 subj=kernel msg='unit=systemd-sysctl comm="systemd" exe="/usr/lib/systemd/systemd" hostname=? addr=? terminal=? res=success'
Apr  5 18:39:38 localhost systemd[1]: Stopping udev Kernel Device Manager...
Apr  5 18:39:38 localhost systemd[1]: Stopped Create Volatile Files and Directories.
Apr  5 18:39:38 localhost audit[1]: SERVICE_START pid=1 uid=0 auid=4294967295 ses=4294967295 subj=kernel msg='unit=systemd-tmpfiles-setup comm="systemd" exe="/usr/lib/systemd/systemd" hostname=? addr=? terminal=? res=success'
Apr  5 18:39:38 localhost audit[1]: SERVICE_STOP pid=1 uid=0 auid=4294967295 ses=4294967295 subj=kernel msg='unit=systemd-tmpfiles-setup comm="systemd" exe="/usr/lib/systemd/systemd" hostname=? addr=? terminal=? res=success'
Apr  5 18:39:38 localhost systemd[1]: Stopped target Local File Systems.
Apr  5 18:39:38 localhost systemd[1]: Stopped target Local File Systems (Pre).
Apr  5 18:39:38 localhost systemd[1]: Stopped target Remote File Systems.
Apr  5 18:39:38 localhost systemd[1]: Stopped target Remote File Systems (Pre).
Apr  5 18:39:38 localhost systemd[1]: Stopped dracut initqueue hook.
Apr  5 18:39:38 localhost audit[1]: SERVICE_START pid=1 uid=0 auid=4294967295 ses=4294967295 subj=kernel msg='unit=dracut-initqueue comm="systemd" exe="/usr/lib/systemd/systemd" hostname=? addr=? terminal=? res=success'
Apr  5 18:39:38 localhost audit[1]: SERVICE_STOP pid=1 uid=0 auid=4294967295 ses=4294967295 subj=kernel msg='unit=dracut-initqueue comm="systemd" exe="/usr/lib/systemd/systemd" hostname=? addr=? terminal=? res=success'
Apr  5 18:39:38 localhost systemd[1]: Stopped udev Coldplug all Devices.
Apr  5 18:39:38 localhost audit[1]: SERVICE_START pid=1 uid=0 auid=4294967295 ses=4294967295 subj=kernel msg='unit=systemd-udev-trigger comm="systemd" exe="/usr/lib/systemd/systemd" hostname=? addr=? terminal=? res=success'
Apr  5 18:39:38 localhost audit[1]: SERVICE_STOP pid=1 uid=0 auid=4294967295 ses=4294967295 subj=kernel msg='unit=systemd-udev-trigger comm="systemd" exe="/usr/lib/systemd/systemd" hostname=? addr=? terminal=? res=success'
Apr  5 18:39:38 localhost systemd[1]: Stopped target Slices.
Apr  5 18:39:38 localhost systemd[1]: Stopped udev Kernel Device Manager.
Apr  5 18:39:38 localhost audit[1]: SERVICE_START pid=1 uid=0 auid=4294967295 ses=4294967295 subj=kernel msg='unit=systemd-udevd comm="systemd" exe="/usr/lib/systemd/systemd" hostname=? addr=? terminal=? res=success'
Apr  5 18:39:38 localhost audit[1]: SERVICE_STOP pid=1 uid=0 auid=4294967295 ses=4294967295 subj=kernel msg='unit=systemd-udevd comm="systemd" exe="/usr/lib/systemd/systemd" hostname=? addr=? terminal=? res=success'
Apr  5 18:39:38 localhost systemd[1]: Started Cleaning Up and Shutting Down Daemons.
Apr  5 18:39:38 localhost audit[1]: SERVICE_START pid=1 uid=0 auid=4294967295 ses=4294967295 subj=kernel msg='unit=initrd-cleanup comm="systemd" exe="/usr/lib/systemd/systemd" hostname=? addr=? terminal=? res=success'
Apr  5 18:39:38 localhost audit[1]: SERVICE_STOP pid=1 uid=0 auid=4294967295 ses=4294967295 subj=kernel msg='unit=initrd-cleanup comm="systemd" exe="/usr/lib/systemd/systemd" hostname=? addr=? terminal=? res=success'
Apr  5 18:39:38 localhost systemd[1]: Stopped dracut pre-udev hook.
Apr  5 18:39:38 localhost audit[1]: SERVICE_START pid=1 uid=0 auid=4294967295 ses=4294967295 subj=kernel msg='unit=dracut-pre-udev comm="systemd" exe="/usr/lib/systemd/systemd" hostname=? addr=? terminal=? res=success'
Apr  5 18:39:38 localhost audit[1]: SERVICE_STOP pid=1 uid=0 auid=4294967295 ses=4294967295 subj=kernel msg='unit=dracut-pre-udev comm="systemd" exe="/usr/lib/systemd/systemd" hostname=? addr=? terminal=? res=success'
Apr  5 18:39:38 localhost systemd[1]: Stopped dracut cmdline hook.
Apr  5 18:39:38 localhost audit[1]: SERVICE_START pid=1 uid=0 auid=4294967295 ses=4294967295 subj=kernel msg='unit=dracut-cmdline comm="systemd" exe="/usr/lib/systemd/systemd" hostname=? addr=? terminal=? res=success'
Apr  5 18:39:38 localhost audit[1]: SERVICE_STOP pid=1 uid=0 auid=4294967295 ses=4294967295 subj=kernel msg='unit=dracut-cmdline comm="systemd" exe="/usr/lib/systemd/systemd" hostname=? addr=? terminal=? res=success'
Apr  5 18:39:38 localhost systemd[1]: Stopped Create Static Device Nodes in /dev.
Apr  5 18:39:38 localhost audit[1]: SERVICE_START pid=1 uid=0 auid=4294967295 ses=4294967295 subj=kernel msg='unit=systemd-tmpfiles-setup-dev comm="systemd" exe="/usr/lib/systemd/systemd" hostname=? addr=? terminal=? res=success'
Apr  5 18:39:38 localhost audit[1]: SERVICE_STOP pid=1 uid=0 auid=4294967295 ses=4294967295 subj=kernel msg='unit=systemd-tmpfiles-setup-dev comm="systemd" exe="/usr/lib/systemd/systemd" hostname=? addr=? terminal=? res=success'
Apr  5 18:39:38 localhost systemd[1]: Stopped Create list of required static device nodes for the current kernel.
Apr  5 18:39:38 localhost audit[1]: SERVICE_START pid=1 uid=0 auid=4294967295 ses=4294967295 subj=kernel msg='unit=kmod-static-nodes comm="systemd" exe="/usr/lib/systemd/systemd" hostname=? addr=? terminal=? res=success'
Apr  5 18:39:38 localhost audit[1]: SERVICE_STOP pid=1 uid=0 auid=4294967295 ses=4294967295 subj=kernel msg='unit=kmod-static-nodes comm="systemd" exe="/usr/lib/systemd/systemd" hostname=? addr=? terminal=? res=success'
Apr  5 18:39:38 localhost systemd[1]: Closed udev Kernel Socket.
Apr  5 18:39:38 localhost systemd[1]: Closed udev Control Socket.
Apr  5 18:39:38 localhost systemd[1]: Starting Cleanup udevd DB...
Apr  5 18:39:38 localhost systemd[1]: Started Cleanup udevd DB.
Apr  5 18:39:38 localhost audit[1]: SERVICE_START pid=1 uid=0 auid=4294967295 ses=4294967295 subj=kernel msg='unit=initrd-udevadm-cleanup-db comm="systemd" exe="/usr/lib/systemd/systemd" hostname=? addr=? terminal=? res=success'
Apr  5 18:39:38 localhost audit[1]: SERVICE_STOP pid=1 uid=0 auid=4294967295 ses=4294967295 subj=kernel msg='unit=initrd-udevadm-cleanup-db comm="systemd" exe="/usr/lib/systemd/systemd" hostname=? addr=? terminal=? res=success'
Apr  5 18:39:38 localhost systemd[1]: Started Plymouth switch root service.
Apr  5 18:39:38 localhost audit[1]: SERVICE_START pid=1 uid=0 auid=4294967295 ses=4294967295 subj=kernel msg='unit=plymouth-switch-root comm="systemd" exe="/usr/lib/systemd/systemd" hostname=? addr=? terminal=? res=success'
Apr  5 18:39:38 localhost audit[1]: SERVICE_STOP pid=1 uid=0 auid=4294967295 ses=4294967295 subj=kernel msg='unit=plymouth-switch-root comm="systemd" exe="/usr/lib/systemd/systemd" hostname=? addr=? terminal=? res=success'
Apr  5 18:39:38 localhost audit[1]: SERVICE_START pid=1 uid=0 auid=4294967295 ses=4294967295 subj=kernel msg='unit=systemd-vconsole-setup comm="systemd" exe="/usr/lib/systemd/systemd" hostname=? addr=? terminal=? res=success'
Apr  5 18:39:38 localhost audit[1]: SERVICE_STOP pid=1 uid=0 auid=4294967295 ses=4294967295 subj=kernel msg='unit=systemd-vconsole-setup comm="systemd" exe="/usr/lib/systemd/systemd" hostname=? addr=? terminal=? res=success'
Apr  5 18:39:38 localhost systemd[1]: Started Setup Virtual Console.
Apr  5 18:39:38 localhost systemd[1]: Reached target Switch Root.
Apr  5 18:39:38 localhost systemd[1]: Starting Switch Root...
Apr  5 18:39:38 localhost systemd[1]: Switching root.
Apr  5 18:39:38 localhost systemd-journald[198]: Journal stopped
Apr  5 18:39:43 localhost systemd-journald[198]: Received SIGTERM from PID 1 (systemd).
Apr  5 18:39:43 localhost kernel: systemd: 15 output lines suppressed due to ratelimiting
Apr  5 18:39:43 localhost kernel: SELinux:  Class xdp_socket not defined in policy.
Apr  5 18:39:43 localhost kernel: SELinux: the above unknown classes and permissions will be allowed
Apr  5 18:39:43 localhost kernel: SELinux:  policy capability network_peer_controls=1
Apr  5 18:39:43 localhost kernel: SELinux:  policy capability open_perms=1
Apr  5 18:39:43 localhost kernel: SELinux:  policy capability extended_socket_class=1
Apr  5 18:39:43 localhost kernel: SELinux:  policy capability always_check_network=0
Apr  5 18:39:43 localhost kernel: SELinux:  policy capability cgroup_seclabel=1
Apr  5 18:39:43 localhost kernel: SELinux:  policy capability nnp_nosuid_transition=1
Apr  5 18:39:43 localhost kernel: kauditd_printk_skb: 35 callbacks suppressed
Apr  5 18:39:43 localhost kernel: audit: type=1403 audit(1554514780.319:46): auid=4294967295 ses=4294967295 lsm=selinux res=1
Apr  5 18:39:43 localhost systemd[1]: Successfully loaded SELinux policy in 505.024ms.
Apr  5 18:39:43 localhost systemd[1]: Relabelled /dev, /run and /sys/fs/cgroup in 28.193ms.
Apr  5 18:39:43 localhost systemd[1]: systemd 239 running in system mode. (+PAM +AUDIT +SELINUX +IMA -APPARMOR +SMACK +SYSVINIT +UTMP +LIBCRYPTSETUP +GCRYPT +GNUTLS +ACL +XZ +LZ4 +SECCOMP +BLKID +ELFUTILS +KMOD +IDN2 -IDN +PCRE2 default-hierarchy=hybrid)
Apr  5 18:39:43 localhost systemd[1]: Detected virtualization oracle.
Apr  5 18:39:43 localhost systemd[1]: Detected architecture x86-64.
Apr  5 18:39:43 localhost systemd[1]: Set hostname to <localhost.localdomain>.
Apr  5 18:39:43 localhost kernel: audit: type=1130 audit(1554514783.183:47): pid=1 uid=0 auid=4294967295 ses=4294967295 subj=system_u:system_r:init_t:s0 msg='unit=systemd-journald comm="systemd" exe="/usr/lib/systemd/systemd" hostname=? addr=? terminal=? res=success'
Apr  5 18:39:43 localhost kernel: audit: type=1131 audit(1554514783.183:48): pid=1 uid=0 auid=4294967295 ses=4294967295 subj=system_u:system_r:init_t:s0 msg='unit=systemd-journald comm="systemd" exe="/usr/lib/systemd/systemd" hostname=? addr=? terminal=? res=success'
Apr  5 18:39:43 localhost systemd[1]: Stopped Switch Root.
Apr  5 18:39:43 localhost kernel: audit: type=1130 audit(1554514783.184:49): pid=1 uid=0 auid=4294967295 ses=4294967295 subj=system_u:system_r:init_t:s0 msg='unit=initrd-switch-root comm="systemd" exe="/usr/lib/systemd/systemd" hostname=? addr=? terminal=? res=success'
Apr  5 18:39:43 localhost kernel: audit: type=1131 audit(1554514783.184:50): pid=1 uid=0 auid=4294967295 ses=4294967295 subj=system_u:system_r:init_t:s0 msg='unit=initrd-switch-root comm="systemd" exe="/usr/lib/systemd/systemd" hostname=? addr=? terminal=? res=success'
Apr  5 18:39:43 localhost systemd[1]: systemd-journald.service: Service has no hold-off time (RestartSec=0), scheduling restart.
Apr  5 18:39:43 localhost systemd[1]: systemd-journald.service: Scheduled restart job, restart counter is at 1.
Apr  5 18:39:43 localhost systemd[1]: Stopped Journal Service.
Apr  5 18:39:43 localhost kernel: audit: type=1130 audit(1554514783.184:51): pid=1 uid=0 auid=4294967295 ses=4294967295 subj=system_u:system_r:init_t:s0 msg='unit=systemd-journald comm="systemd" exe="/usr/lib/systemd/systemd" hostname=? addr=? terminal=? res=success'
Apr  5 18:39:43 localhost kernel: audit: type=1131 audit(1554514783.184:52): pid=1 uid=0 auid=4294967295 ses=4294967295 subj=system_u:system_r:init_t:s0 msg='unit=systemd-journald comm="systemd" exe="/usr/lib/systemd/systemd" hostname=? addr=? terminal=? res=success'
Apr  5 18:39:43 localhost systemd[1]: Starting Journal Service...
Apr  5 18:39:43 localhost systemd[1]: Activating swap /dev/mapper/fedora-swap...
Apr  5 18:39:43 localhost kernel: audit: type=1305 audit(1554514783.421:53): audit_enabled=1 old=1 auid=4294967295 ses=4294967295 subj=system_u:system_r:syslogd_t:s0 res=1
Apr  5 18:39:43 localhost systemd-journald[534]: Journal started
Apr  5 18:39:43 localhost systemd-journald[534]: Runtime journal (/run/log/journal/dfa5dd8315d141ccb59210a1da1541ab) is 8.0M, max 99.6M, 91.6M free.
Apr  5 18:39:43 localhost audit: MAC_STATUS enforcing=1 old_enforcing=0 auid=4294967295 ses=4294967295 enabled=1 old-enabled=1 lsm=selinux res=1
Apr  5 18:39:43 localhost audit: MAC_POLICY_LOAD auid=4294967295 ses=4294967295 lsm=selinux res=1
Apr  5 18:39:43 localhost audit[1]: SERVICE_START pid=1 uid=0 auid=4294967295 ses=4294967295 subj=system_u:system_r:init_t:s0 msg='unit=systemd-journald comm="systemd" exe="/usr/lib/systemd/systemd" hostname=? addr=? terminal=? res=success'
Apr  5 18:39:43 localhost audit[1]: SERVICE_STOP pid=1 uid=0 auid=4294967295 ses=4294967295 subj=system_u:system_r:init_t:s0 msg='unit=systemd-journald comm="systemd" exe="/usr/lib/systemd/systemd" hostname=? addr=? terminal=? res=success'
Apr  5 18:39:43 localhost audit[1]: SERVICE_START pid=1 uid=0 auid=4294967295 ses=4294967295 subj=system_u:system_r:init_t:s0 msg='unit=initrd-switch-root comm="systemd" exe="/usr/lib/systemd/systemd" hostname=? addr=? terminal=? res=success'
Apr  5 18:39:43 localhost audit[1]: SERVICE_STOP pid=1 uid=0 auid=4294967295 ses=4294967295 subj=system_u:system_r:init_t:s0 msg='unit=initrd-switch-root comm="systemd" exe="/usr/lib/systemd/systemd" hostname=? addr=? terminal=? res=success'
Apr  5 18:39:43 localhost audit[1]: SERVICE_START pid=1 uid=0 auid=4294967295 ses=4294967295 subj=system_u:system_r:init_t:s0 msg='unit=systemd-journald comm="systemd" exe="/usr/lib/systemd/systemd" hostname=? addr=? terminal=? res=success'
Apr  5 18:39:43 localhost audit[1]: SERVICE_STOP pid=1 uid=0 auid=4294967295 ses=4294967295 subj=system_u:system_r:init_t:s0 msg='unit=systemd-journald comm="systemd" exe="/usr/lib/systemd/systemd" hostname=? addr=? terminal=? res=success'
Apr  5 18:39:43 localhost audit: CONFIG_CHANGE audit_enabled=1 old=1 auid=4294967295 ses=4294967295 subj=system_u:system_r:syslogd_t:s0 res=1
Apr  5 18:39:43 localhost audit[1]: SERVICE_START pid=1 uid=0 auid=4294967295 ses=4294967295 subj=system_u:system_r:init_t:s0 msg='unit=systemd-journald comm="systemd" exe="/usr/lib/systemd/systemd" hostname=? addr=? terminal=? res=success'
Apr  5 18:39:43 localhost kernel: audit: type=1130 audit(1554514783.423:54): pid=1 uid=0 auid=4294967295 ses=4294967295 subj=system_u:system_r:init_t:s0 msg='unit=systemd-journald comm="systemd" exe="/usr/lib/systemd/systemd" hostname=? addr=? terminal=? res=success'
Apr  5 18:39:43 localhost kernel: EXT4-fs (dm-0): re-mounted. Opts: (null)
Apr  5 18:39:43 localhost kernel: audit: type=1130 audit(1554514783.431:55): pid=1 uid=0 auid=4294967295 ses=4294967295 subj=system_u:system_r:init_t:s0 msg='unit=systemd-remount-fs comm="systemd" exe="/usr/lib/systemd/systemd" hostname=? addr=? terminal=? res=success'
Apr  5 18:39:43 localhost audit[1]: SERVICE_START pid=1 uid=0 auid=4294967295 ses=4294967295 subj=system_u:system_r:init_t:s0 msg='unit=systemd-remount-fs comm="systemd" exe="/usr/lib/systemd/systemd" hostname=? addr=? terminal=? res=success'
Apr  5 18:39:43 localhost systemd[1]: Started Remount Root and Kernel File Systems.
Apr  5 18:39:43 localhost systemd[1]: Starting Load/Save Random Seed...
Apr  5 18:39:43 localhost systemd[1]: Starting Flush Journal to Persistent Storage...
Apr  5 18:39:43 localhost systemd[1]: Started Create list of required static device nodes for the current kernel.
Apr  5 18:39:43 localhost audit[1]: SERVICE_START pid=1 uid=0 auid=4294967295 ses=4294967295 subj=system_u:system_r:init_t:s0 msg='unit=kmod-static-nodes comm="systemd" exe="/usr/lib/systemd/systemd" hostname=? addr=? terminal=? res=success'
Apr  5 18:39:43 localhost systemd[1]: Starting Create Static Device Nodes in /dev...
Apr  5 18:39:43 localhost audit[1]: SERVICE_START pid=1 uid=0 auid=4294967295 ses=4294967295 subj=system_u:system_r:init_t:s0 msg='unit=systemd-sysctl comm="systemd" exe="/usr/lib/systemd/systemd" hostname=? addr=? terminal=? res=success'
Apr  5 18:39:43 localhost systemd[1]: Started Apply Kernel Variables.
Apr  5 18:39:43 localhost kernel: Adding 2097148k swap on /dev/mapper/fedora-swap.  Priority:-2 extents:1 across:2097148k FS
Apr  5 18:39:43 localhost systemd[1]: Activated swap /dev/mapper/fedora-swap.
Apr  5 18:39:43 localhost systemd[1]: Reached target Swap.
Apr  5 18:39:43 localhost systemd[1]: tmp.mount: Directory /tmp to mount over is not empty, mounting anyway.
Apr  5 18:39:43 localhost systemd[1]: Mounting Temporary Directory (/tmp)...
Apr  5 18:39:43 localhost systemd[1]: Mounted Temporary Directory (/tmp).
Apr  5 18:39:43 localhost systemd[1]: Started Load/Save Random Seed.
Apr  5 18:39:43 localhost audit[1]: SERVICE_START pid=1 uid=0 auid=4294967295 ses=4294967295 subj=system_u:system_r:init_t:s0 msg='unit=systemd-random-seed comm="systemd" exe="/usr/lib/systemd/systemd" hostname=? addr=? terminal=? res=success'
Apr  5 18:39:43 localhost systemd-journald[534]: Time spent on flushing to /var is 18.558ms for 639 entries.
Apr  5 18:39:43 localhost systemd-journald[534]: System journal (/var/log/journal/dfa5dd8315d141ccb59210a1da1541ab) is 8.0M, max 1.6G, 1.6G free.
Apr  5 18:39:43 localhost systemd-tmpfiles[548]: [/usr/lib/tmpfiles.d/libgpod.conf:1] Line references path below legacy directory /var/run/, updating /var/run/libgpod  /run/libgpod; please update the tmpfiles.d/ drop-in file accordingly.
Apr  5 18:39:43 localhost systemd-tmpfiles[548]: [/usr/lib/tmpfiles.d/mdadm.conf:1] Line references path below legacy directory /var/run/, updating /var/run/mdadm  /run/mdadm; please update the tmpfiles.d/ drop-in file accordingly.
Apr  5 18:39:43 localhost systemd-tmpfiles[548]: [/usr/lib/tmpfiles.d/pptp.conf:1] Line references path below legacy directory /var/run/, updating /var/run/pptp  /run/pptp; please update the tmpfiles.d/ drop-in file accordingly.
Apr  5 18:39:43 localhost systemd-tmpfiles[548]: [/usr/lib/tmpfiles.d/radvd.conf:1] Line references path below legacy directory /var/run/, updating /var/run/radvd  /run/radvd; please update the tmpfiles.d/ drop-in file accordingly.
Apr  5 18:39:43 localhost systemd-tmpfiles[548]: [/usr/lib/tmpfiles.d/samba.conf:1] Line references path below legacy directory /var/run/, updating /var/run/samba  /run/samba; please update the tmpfiles.d/ drop-in file accordingly.
Apr  5 18:39:43 localhost systemd-tmpfiles[548]: [/usr/lib/tmpfiles.d/spice-vdagentd.conf:2] Line references path below legacy directory /var/run/, updating /var/run/spice-vdagentd  /run/spice-vdagentd; please update the tmpfiles.d/ drop-in file accordingly.
Apr  5 18:39:43 localhost systemd-tmpfiles[548]: [/etc/tmpfiles.d/vpnc.conf:1] Line references path below legacy directory /var/run/, updating /var/run/vpnc  /run/vpnc; please update the tmpfiles.d/ drop-in file accordingly.
Apr  5 18:39:43 localhost audit[1]: SERVICE_START pid=1 uid=0 auid=4294967295 ses=4294967295 subj=system_u:system_r:init_t:s0 msg='unit=systemd-journal-flush comm="systemd" exe="/usr/lib/systemd/systemd" hostname=? addr=? terminal=? res=success'
Apr  5 18:39:43 localhost systemd[1]: Started Flush Journal to Persistent Storage.
Apr  5 18:39:43 localhost audit[1]: SERVICE_START pid=1 uid=0 auid=4294967295 ses=4294967295 subj=system_u:system_r:init_t:s0 msg='unit=systemd-tmpfiles-setup-dev comm="systemd" exe="/usr/lib/systemd/systemd" hostname=? addr=? terminal=? res=success'
Apr  5 18:39:43 localhost systemd[1]: Started Create Static Device Nodes in /dev.
Apr  5 18:39:43 localhost systemd[1]: Starting udev Kernel Device Manager...
Apr  5 18:39:43 localhost audit[1]: SERVICE_START pid=1 uid=0 auid=4294967295 ses=4294967295 subj=system_u:system_r:init_t:s0 msg='unit=systemd-udev-trigger comm="systemd" exe="/usr/lib/systemd/systemd" hostname=? addr=? terminal=? res=success'
Apr  5 18:39:43 localhost systemd[1]: Started udev Coldplug all Devices.
Apr  5 18:39:43 localhost systemd[1]: Starting udev Wait for Complete Device Initialization...
Apr  5 18:39:44 localhost systemd[1]: Started LVM2 metadata daemon.
Apr  5 18:39:44 localhost audit[1]: SERVICE_START pid=1 uid=0 auid=4294967295 ses=4294967295 subj=system_u:system_r:init_t:s0 msg='unit=lvm2-lvmetad comm="systemd" exe="/usr/lib/systemd/systemd" hostname=? addr=? terminal=? res=success'
Apr  5 18:39:44 localhost systemd[1]: Started udev Kernel Device Manager.
Apr  5 18:39:44 localhost audit[1]: SERVICE_START pid=1 uid=0 auid=4294967295 ses=4294967295 subj=system_u:system_r:init_t:s0 msg='unit=systemd-udevd comm="systemd" exe="/usr/lib/systemd/systemd" hostname=? addr=? terminal=? res=success'
Apr  5 18:39:44 localhost systemd-vconsole-setup[541]: KD_FONT_OP_GET failed while trying to get the font metadata: Invalid argument
Apr  5 18:39:44 localhost systemd-vconsole-setup[541]: Fonts will not be copied to remaining consoles
Apr  5 18:39:44 localhost audit[1]: SERVICE_START pid=1 uid=0 auid=4294967295 ses=4294967295 subj=system_u:system_r:init_t:s0 msg='unit=systemd-vconsole-setup comm="systemd" exe="/usr/lib/systemd/systemd" hostname=? addr=? terminal=? res=success'
Apr  5 18:39:44 localhost audit[1]: SERVICE_STOP pid=1 uid=0 auid=4294967295 ses=4294967295 subj=system_u:system_r:init_t:s0 msg='unit=systemd-vconsole-setup comm="systemd" exe="/usr/lib/systemd/systemd" hostname=? addr=? terminal=? res=success'
Apr  5 18:39:44 localhost systemd[1]: Started Setup Virtual Console.
Apr  5 18:39:44 localhost kernel: piix4_smbus 0000:00:07.0: SMBus Host Controller at 0x4100, revision 0
Apr  5 18:39:44 localhost kernel: ACPI: Video Device [GFX0] (multi-head: yes  rom: no  post: no)
Apr  5 18:39:44 localhost kernel: input: Video Bus as /devices/LNXSYSTM:00/LNXSYBUS:00/PNP0A03:00/LNXVIDEO:00/input/input6
Apr  5 18:39:45 localhost kernel: vboxguest: host-version: 5.2.8r121009 0x1
Apr  5 18:39:45 localhost kernel: vbg_heartbeat_init: Setting up heartbeat to trigger every 2000 milliseconds
Apr  5 18:39:45 localhost kernel: input: VirtualBox mouse integration as /devices/pci0000:00/0000:00:04.0/input/input7
Apr  5 18:39:45 localhost kernel: vboxguest: misc device minor 58, IRQ 20, I/O port d020, MMIO at 0x00000000f0400000 (size 0x0000000000400000)
Apr  5 18:39:45 localhost systemd-udevd[563]: link_config: autonegotiation is unset or enabled, the speed and duplex are not writable.
Apr  5 18:39:45 localhost systemd-udevd[559]: link_config: autonegotiation is unset or enabled, the speed and duplex are not writable.
Apr  5 18:39:45 localhost systemd[1]: Created slice system-lvm2\x2dpvscan.slice.
Apr  5 18:39:45 localhost systemd[1]: Starting LVM2 PV scan on device 8:2...
Apr  5 18:39:45 localhost kernel: RAPL PMU: API unit is 2^-32 Joules, 4 fixed counters, 10737418240 ms ovfl timer
Apr  5 18:39:45 localhost kernel: RAPL PMU: hw unit of domain pp0-core 2^-0 Joules
Apr  5 18:39:45 localhost kernel: RAPL PMU: hw unit of domain package 2^-0 Joules
Apr  5 18:39:45 localhost kernel: RAPL PMU: hw unit of domain dram 2^-0 Joules
Apr  5 18:39:45 localhost kernel: RAPL PMU: hw unit of domain pp1-gpu 2^-0 Joules
Apr  5 18:39:45 localhost lvm[596]:  WARNING: lvmetad is being updated, retrying (setup) for 10 more seconds.
Apr  5 18:39:45 localhost mtp-probe[580]: checking bus 1, device 2: "/sys/devices/pci0000:00/0000:00:06.0/usb1/1-1"
Apr  5 18:39:45 localhost mtp-probe[580]: bus: 1, device: 2 was not an MTP device
Apr  5 18:39:45 localhost lvm[537]:  2 logical volume(s) in volume group "fedora" monitored
Apr  5 18:39:45 localhost systemd[1]: Started Monitoring of LVM2 mirrors, snapshots etc. using dmeventd or progress polling.
Apr  5 18:39:45 localhost audit[1]: SERVICE_START pid=1 uid=0 auid=4294967295 ses=4294967295 subj=system_u:system_r:init_t:s0 msg='unit=lvm2-monitor comm="systemd" exe="/usr/lib/systemd/systemd" hostname=? addr=? terminal=? res=success'
Apr  5 18:39:45 localhost kernel: kauditd_printk_skb: 10 callbacks suppressed
Apr  5 18:39:45 localhost kernel: audit: type=1130 audit(1554514785.625:66): pid=1 uid=0 auid=4294967295 ses=4294967295 subj=system_u:system_r:init_t:s0 msg='unit=lvm2-monitor comm="systemd" exe="/usr/lib/systemd/systemd" hostname=? addr=? terminal=? res=success'
Apr  5 18:39:45 localhost systemd-vconsole-setup[586]: KD_FONT_OP_GET failed while trying to get the font metadata: Invalid argument
Apr  5 18:39:45 localhost systemd-vconsole-setup[586]: Fonts will not be copied to remaining consoles
Apr  5 18:39:45 localhost systemd-vconsole-setup[587]: KD_FONT_OP_GET failed while trying to get the font metadata: Invalid argument
Apr  5 18:39:45 localhost systemd-vconsole-setup[587]: Fonts will not be copied to remaining consoles
Apr  5 18:39:47 localhost kernel: snd_intel8x0 0000:00:05.0: white list rate for 1028:0177 is 48000
Apr  5 18:39:47 localhost lvm[596]:  2 logical volume(s) in volume group "fedora" now active
Apr  5 18:39:47 localhost systemd[1]: Started LVM2 PV scan on device 8:2.
Apr  5 18:39:47 localhost audit[1]: SERVICE_START pid=1 uid=0 auid=4294967295 ses=4294967295 subj=system_u:system_r:init_t:s0 msg='unit=lvm2-pvscan@8:2 comm="systemd" exe="/usr/lib/systemd/systemd" hostname=? addr=? terminal=? res=success'
Apr  5 18:39:47 localhost kernel: audit: type=1130 audit(1554514787.670:67): pid=1 uid=0 auid=4294967295 ses=4294967295 subj=system_u:system_r:init_t:s0 msg='unit=lvm2-pvscan@8:2 comm="systemd" exe="/usr/lib/systemd/systemd" hostname=? addr=? terminal=? res=success'
Apr  5 18:39:47 localhost systemd[1]: Started udev Wait for Complete Device Initialization.
Apr  5 18:39:47 localhost audit[1]: SERVICE_START pid=1 uid=0 auid=4294967295 ses=4294967295 subj=system_u:system_r:init_t:s0 msg='unit=systemd-udev-settle comm="systemd" exe="/usr/lib/systemd/systemd" hostname=? addr=? terminal=? res=success'
Apr  5 18:39:47 localhost systemd[1]: Starting Activation of DM RAID sets...
Apr  5 18:39:47 localhost kernel: audit: type=1130 audit(1554514787.758:68): pid=1 uid=0 auid=4294967295 ses=4294967295 subj=system_u:system_r:init_t:s0 msg='unit=systemd-udev-settle comm="systemd" exe="/usr/lib/systemd/systemd" hostname=? addr=? terminal=? res=success'
Apr  5 18:39:48 localhost systemd[1]: Started Activation of DM RAID sets.
Apr  5 18:39:48 localhost audit[1]: SERVICE_START pid=1 uid=0 auid=4294967295 ses=4294967295 subj=system_u:system_r:init_t:s0 msg='unit=dmraid-activation comm="systemd" exe="/usr/lib/systemd/systemd" hostname=? addr=? terminal=? res=success'
Apr  5 18:39:48 localhost audit[1]: SERVICE_STOP pid=1 uid=0 auid=4294967295 ses=4294967295 subj=system_u:system_r:init_t:s0 msg='unit=dmraid-activation comm="systemd" exe="/usr/lib/systemd/systemd" hostname=? addr=? terminal=? res=success'
Apr  5 18:39:48 localhost systemd[1]: Reached target Local File Systems (Pre).
Apr  5 18:39:48 localhost kernel: audit: type=1130 audit(1554514788.043:69): pid=1 uid=0 auid=4294967295 ses=4294967295 subj=system_u:system_r:init_t:s0 msg='unit=dmraid-activation comm="systemd" exe="/usr/lib/systemd/systemd" hostname=? addr=? terminal=? res=success'
Apr  5 18:39:48 localhost kernel: audit: type=1131 audit(1554514788.043:70): pid=1 uid=0 auid=4294967295 ses=4294967295 subj=system_u:system_r:init_t:s0 msg='unit=dmraid-activation comm="systemd" exe="/usr/lib/systemd/systemd" hostname=? addr=? terminal=? res=success'
Apr  5 18:39:48 localhost systemd[1]: Starting File System Check on /dev/disk/by-uuid/fe9af3d0-c034-4e20-82ac-9a020ffb74cc...
Apr  5 18:39:48 localhost systemd[1]: Reached target Local Encrypted Volumes.
Apr  5 18:39:48 localhost systemd-fsck[620]: /dev/sda1: clean, 402/65536 files, 49461/262144 blocks
Apr  5 18:39:48 localhost systemd[1]: Started File System Check on /dev/disk/by-uuid/fe9af3d0-c034-4e20-82ac-9a020ffb74cc.
Apr  5 18:39:48 localhost audit[1]: SERVICE_START pid=1 uid=0 auid=4294967295 ses=4294967295 subj=system_u:system_r:init_t:s0 msg='unit=systemd-fsck@dev-disk-by\x2duuid-fe9af3d0\x2dc034\x2d4e20\x2d82ac\x2d9a020ffb74cc comm="systemd" exe="/usr/lib/systemd/systemd" hostname=? addr=? terminal=? res=success'
Apr  5 18:39:48 localhost kernel: audit: type=1130 audit(1554514788.199:71): pid=1 uid=0 auid=4294967295 ses=4294967295 subj=system_u:system_r:init_t:s0 msg='unit=systemd-fsck@dev-disk-by\x2duuid-fe9af3d0\x2dc034\x2d4e20\x2d82ac\x2d9a020ffb74cc comm="systemd" exe="/usr/lib/systemd/systemd" hostname=? addr=? terminal=? res=success'
Apr  5 18:39:48 localhost systemd[1]: Mounting /boot...
Apr  5 18:39:48 localhost kernel: EXT4-fs (sda1): mounted filesystem with ordered data mode. Opts: (null)
Apr  5 18:39:48 localhost systemd[1]: Mounted /boot.
Apr  5 18:39:48 localhost systemd[1]: Reached target Local File Systems.
Apr  5 18:39:48 localhost systemd[1]: Starting Restore /run/initramfs on shutdown...
Apr  5 18:39:48 localhost systemd[1]: Starting Tell Plymouth To Write Out Runtime Data...
Apr  5 18:39:48 localhost systemd[1]: Starting Preprocess NFS configuration...
Apr  5 18:39:48 localhost systemd[1]: Starting Import network configuration from initramfs...
Apr  5 18:39:48 localhost systemd[1]: Started Restore /run/initramfs on shutdown.
Apr  5 18:39:48 localhost audit[1]: SERVICE_START pid=1 uid=0 auid=4294967295 ses=4294967295 subj=system_u:system_r:init_t:s0 msg='unit=dracut-shutdown comm="systemd" exe="/usr/lib/systemd/systemd" hostname=? addr=? terminal=? res=success'
Apr  5 18:39:48 localhost kernel: audit: type=1130 audit(1554514788.336:72): pid=1 uid=0 auid=4294967295 ses=4294967295 subj=system_u:system_r:init_t:s0 msg='unit=dracut-shutdown comm="systemd" exe="/usr/lib/systemd/systemd" hostname=? addr=? terminal=? res=success'
Apr  5 18:39:48 localhost systemd[1]: Started Tell Plymouth To Write Out Runtime Data.
Apr  5 18:39:48 localhost audit[1]: SERVICE_START pid=1 uid=0 auid=4294967295 ses=4294967295 subj=system_u:system_r:init_t:s0 msg='unit=plymouth-read-write comm="systemd" exe="/usr/lib/systemd/systemd" hostname=? addr=? terminal=? res=success'
Apr  5 18:39:48 localhost audit[1]: SERVICE_STOP pid=1 uid=0 auid=4294967295 ses=4294967295 subj=system_u:system_r:init_t:s0 msg='unit=plymouth-read-write comm="systemd" exe="/usr/lib/systemd/systemd" hostname=? addr=? terminal=? res=success'
Apr  5 18:39:48 localhost kernel: audit: type=1130 audit(1554514788.354:73): pid=1 uid=0 auid=4294967295 ses=4294967295 subj=system_u:system_r:init_t:s0 msg='unit=plymouth-read-write comm="systemd" exe="/usr/lib/systemd/systemd" hostname=? addr=? terminal=? res=success'
Apr  5 18:39:48 localhost kernel: audit: type=1131 audit(1554514788.354:74): pid=1 uid=0 auid=4294967295 ses=4294967295 subj=system_u:system_r:init_t:s0 msg='unit=plymouth-read-write comm="systemd" exe="/usr/lib/systemd/systemd" hostname=? addr=? terminal=? res=success'
Apr  5 18:39:48 localhost systemd[1]: Received SIGRTMIN+20 from PID 341 (plymouthd).
Apr  5 18:39:48 localhost systemd[1]: Started Preprocess NFS configuration.
Apr  5 18:39:48 localhost audit[1]: SERVICE_START pid=1 uid=0 auid=4294967295 ses=4294967295 subj=system_u:system_r:init_t:s0 msg='unit=nfs-config comm="systemd" exe="/usr/lib/systemd/systemd" hostname=? addr=? terminal=? res=success'
Apr  5 18:39:48 localhost audit[1]: SERVICE_STOP pid=1 uid=0 auid=4294967295 ses=4294967295 subj=system_u:system_r:init_t:s0 msg='unit=nfs-config comm="systemd" exe="/usr/lib/systemd/systemd" hostname=? addr=? terminal=? res=success'
Apr  5 18:39:48 localhost kernel: audit: type=1130 audit(1554514788.421:75): pid=1 uid=0 auid=4294967295 ses=4294967295 subj=system_u:system_r:init_t:s0 msg='unit=nfs-config comm="systemd" exe="/usr/lib/systemd/systemd" hostname=? addr=? terminal=? res=success'
Apr  5 18:39:48 localhost audit[1]: SERVICE_START pid=1 uid=0 auid=4294967295 ses=4294967295 subj=system_u:system_r:init_t:s0 msg='unit=import-state comm="systemd" exe="/usr/lib/systemd/systemd" hostname=? addr=? terminal=? res=success'
Apr  5 18:39:48 localhost systemd[1]: Started Import network configuration from initramfs.
Apr  5 18:39:48 localhost systemd[1]: Starting Create Volatile Files and Directories...
Apr  5 18:39:48 localhost systemd-tmpfiles[644]: [/usr/lib/tmpfiles.d/libgpod.conf:1] Line references path below legacy directory /var/run/, updating /var/run/libgpod  /run/libgpod; please update the tmpfiles.d/ drop-in file accordingly.
Apr  5 18:39:48 localhost systemd-tmpfiles[644]: [/usr/lib/tmpfiles.d/mdadm.conf:1] Line references path below legacy directory /var/run/, updating /var/run/mdadm  /run/mdadm; please update the tmpfiles.d/ drop-in file accordingly.
Apr  5 18:39:48 localhost systemd-tmpfiles[644]: [/usr/lib/tmpfiles.d/pptp.conf:1] Line references path below legacy directory /var/run/, updating /var/run/pptp  /run/pptp; please update the tmpfiles.d/ drop-in file accordingly.
Apr  5 18:39:48 localhost systemd-tmpfiles[644]: [/usr/lib/tmpfiles.d/radvd.conf:1] Line references path below legacy directory /var/run/, updating /var/run/radvd  /run/radvd; please update the tmpfiles.d/ drop-in file accordingly.
Apr  5 18:39:48 localhost systemd-tmpfiles[644]: [/usr/lib/tmpfiles.d/samba.conf:1] Line references path below legacy directory /var/run/, updating /var/run/samba  /run/samba; please update the tmpfiles.d/ drop-in file accordingly.
Apr  5 18:39:48 localhost systemd-tmpfiles[644]: [/usr/lib/tmpfiles.d/spice-vdagentd.conf:2] Line references path below legacy directory /var/run/, updating /var/run/spice-vdagentd  /run/spice-vdagentd; please update the tmpfiles.d/ drop-in file accordingly.
Apr  5 18:39:48 localhost systemd-tmpfiles[644]: [/etc/tmpfiles.d/vpnc.conf:1] Line references path below legacy directory /var/run/, updating /var/run/vpnc  /run/vpnc; please update the tmpfiles.d/ drop-in file accordingly.
Apr  5 18:39:48 localhost audit[1]: SERVICE_START pid=1 uid=0 auid=4294967295 ses=4294967295 subj=system_u:system_r:init_t:s0 msg='unit=systemd-tmpfiles-setup comm="systemd" exe="/usr/lib/systemd/systemd" hostname=? addr=? terminal=? res=success'
Apr  5 18:39:48 localhost systemd[1]: Started Create Volatile Files and Directories.
Apr  5 18:39:48 localhost systemd[1]: Starting Security Auditing Service...
Apr  5 18:39:48 localhost systemd[1]: Mounting RPC Pipe File System...
Apr  5 18:39:48 localhost kernel: RPC: Registered named UNIX socket transport module.
Apr  5 18:39:48 localhost kernel: RPC: Registered udp transport module.
Apr  5 18:39:48 localhost kernel: RPC: Registered tcp transport module.
Apr  5 18:39:48 localhost kernel: RPC: Registered tcp NFSv4.1 backchannel transport module.
Apr  5 18:39:48 localhost systemd[1]: Mounted RPC Pipe File System.
Apr  5 18:39:48 localhost systemd[1]: Reached target rpc_pipefs.target.
Apr  5 18:39:48 localhost auditd[652]: No plugins found, not dispatching events
Apr  5 18:39:48 localhost audit: CONFIG_CHANGE audit_enabled=1 old=1 auid=4294967295 ses=4294967295 subj=system_u:system_r:auditd_t:s0 res=1
Apr  5 18:39:48 localhost audit: CONFIG_CHANGE audit_pid=652 old=0 auid=4294967295 ses=4294967295 subj=system_u:system_r:auditd_t:s0 res=1
Apr  5 18:39:48 localhost auditd[652]: Init complete, auditd 3.0 listening for events (startup state enable)
Apr  5 18:39:49 localhost audit: CONFIG_CHANGE auid=4294967295 ses=4294967295 subj=system_u:system_r:unconfined_service_t:s0 op=add_rule key=(null) list=1 res=1
Apr  5 18:39:49 localhost augenrules[655]: No rules
Apr  5 18:39:49 localhost audit[1]: SERVICE_START pid=1 uid=0 auid=4294967295 ses=4294967295 subj=system_u:system_r:init_t:s0 msg='unit=auditd comm="systemd" exe="/usr/lib/systemd/systemd" hostname=? addr=? terminal=? res=success'
Apr  5 18:39:49 localhost systemd[1]: Started Security Auditing Service.
Apr  5 18:39:49 localhost systemd[1]: Starting Update UTMP about System Boot/Shutdown...
Apr  5 18:39:49 localhost audit[672]: SYSTEM_BOOT pid=672 uid=0 auid=4294967295 ses=4294967295 subj=system_u:system_r:init_t:s0 msg=' comm="systemd-update-utmp" exe="/usr/lib/systemd/systemd-update-utmp" hostname=? addr=? terminal=? res=success'
Apr  5 18:39:49 localhost systemd[1]: Started Update UTMP about System Boot/Shutdown.
Apr  5 18:39:49 localhost audit[1]: SERVICE_START pid=1 uid=0 auid=4294967295 ses=4294967295 subj=system_u:system_r:init_t:s0 msg='unit=systemd-update-utmp comm="systemd" exe="/usr/lib/systemd/systemd" hostname=? addr=? terminal=? res=success'
Apr  5 18:39:49 localhost systemd[1]: Reached target System Initialization.
Apr  5 18:39:49 localhost systemd[1]: Listening on Avahi mDNS/DNS-SD Stack Activation Socket.
Apr  5 18:39:49 localhost systemd[1]: Listening on Virtual machine log manager socket.
Apr  5 18:39:49 localhost systemd[1]: Started Daily Cleanup of Temporary Directories.
Apr  5 18:39:49 localhost systemd[1]: Started Updates mlocate database every day.
Apr  5 18:39:49 localhost systemd[1]: Listening on Open-iSCSI iscsid Socket.
Apr  5 18:39:49 localhost systemd[1]: Listening on Open-iSCSI iscsiuio Socket.
Apr  5 18:39:49 localhost systemd[1]: Started CUPS Scheduler.
Apr  5 18:39:49 localhost systemd[1]: Reached target Paths.
Apr  5 18:39:49 localhost systemd[1]: Started daily update of the root trust anchor for DNSSEC.
Apr  5 18:39:49 localhost systemd[1]: Listening on Activation socket for spice guest agent daemon.
Apr  5 18:39:49 localhost systemd[1]: Listening on CUPS Scheduler.
Apr  5 18:39:49 localhost systemd[1]: Listening on Virtual machine lock manager socket.
Apr  5 18:39:49 localhost systemd[1]: Started dnf makecache --timer.
Apr  5 18:39:49 localhost systemd[1]: Reached target Timers.
Apr  5 18:39:49 localhost systemd[1]: Listening on SSSD Kerberos Cache Manager responder socket.
Apr  5 18:39:49 localhost systemd[1]: Listening on D-Bus System Message Bus Socket.
Apr  5 18:39:49 localhost systemd[1]: Reached target Sockets.
Apr  5 18:39:49 localhost systemd[1]: Reached target Basic System.
Apr  5 18:39:49 localhost systemd[1]: Starting Virtual Machine and Container Registration Service...
Apr  5 18:39:49 localhost systemd[1]: Started Manage Sound Card State (restore and store).
Apr  5 18:39:49 localhost audit[1]: SERVICE_START pid=1 uid=0 auid=4294967295 ses=4294967295 subj=system_u:system_r:init_t:s0 msg='unit=alsa-state comm="systemd" exe="/usr/lib/systemd/systemd" hostname=? addr=? terminal=? res=success'
Apr  5 18:39:49 localhost systemd[1]: Starting LSB: Init script for live image....
Apr  5 18:39:49 localhost alsactl[674]: alsactl 1.1.6 daemon started
Apr  5 18:39:49 localhost alsactl[674]: /usr/sbin/alsactl: load_state:1683Cannot open /var/lib/alsa/asound.state for reading: No such file or directory
Apr  5 18:39:49 localhost alsactl[674]: /usr/sbin/alsactl: sysfs_init:48sysfs path '/sys' is invalid
Apr  5 18:39:49 localhost alsactl[674]: Found hardware: "ICH" "Analog Devices AD1980" "AC97a:41445370" "0x1028" "0x0177"
Apr  5 18:39:49 localhost alsactl[674]: Hardware is initialized using a generic method
Apr  5 18:39:49 localhost systemd[1]: Starting System Security Services Daemon...
Apr  5 18:39:49 localhost systemd[1]: Starting Avahi mDNS/DNS-SD Stack...
Apr  5 18:39:49 localhost systemd[1]: Started D-Bus System Message Bus.
Apr  5 18:39:49 localhost audit[1]: SERVICE_START pid=1 uid=0 auid=4294967295 ses=4294967295 subj=system_u:system_r:init_t:s0 msg='unit=dbus comm="systemd" exe="/usr/lib/systemd/systemd" hostname=? addr=? terminal=? res=success'
Apr  5 18:39:49 localhost systemd[1]: Starting firewalld - dynamic firewall daemon...
Apr  5 18:39:49 localhost avahi-daemon[677]: Found user 'avahi' (UID 70) and group 'avahi' (GID 70).
Apr  5 18:39:49 localhost systemd[1]: Started VirtualBox guest services.
Apr  5 18:39:49 localhost audit[1]: SERVICE_START pid=1 uid=0 auid=4294967295 ses=4294967295 subj=system_u:system_r:init_t:s0 msg='unit=vboxservice comm="systemd" exe="/usr/lib/systemd/systemd" hostname=? addr=? terminal=? res=success'
Apr  5 18:39:49 localhost systemd[1]: Reached target Sound Card.
Apr  5 18:39:49 localhost systemd[1]: Started Hardware RNG Entropy Gatherer Daemon.
Apr  5 18:39:49 localhost audit[1]: SERVICE_START pid=1 uid=0 auid=4294967295 ses=4294967295 subj=system_u:system_r:init_t:s0 msg='unit=rngd comm="systemd" exe="/usr/lib/systemd/systemd" hostname=? addr=? terminal=? res=success'
Apr  5 18:39:49 localhost systemd[1]: Starting GSSAPI Proxy Daemon...
Apr  5 18:39:49 localhost systemd[1]: Started Machine Check Exception Logging Daemon.
Apr  5 18:39:49 localhost audit[1]: SERVICE_START pid=1 uid=0 auid=4294967295 ses=4294967295 subj=system_u:system_r:init_t:s0 msg='unit=mcelog comm="systemd" exe="/usr/lib/systemd/systemd" hostname=? addr=? terminal=? res=success'
Apr  5 18:39:49 localhost systemd[1]: Starting Switcheroo Control Proxy service...
Apr  5 18:39:49 localhost systemd[1]: Starting RealtimeKit Scheduling Policy Service...
Apr  5 18:39:49 localhost systemd[1]: Starting Modem Manager...
Apr  5 18:39:49 localhost systemd[1]: Starting Disk Manager...
Apr  5 18:39:49 localhost systemd[1]: Started LSB: Init script for live image..
Apr  5 18:39:49 localhost audit[1]: SERVICE_START pid=1 uid=0 auid=4294967295 ses=4294967295 subj=system_u:system_r:init_t:s0 msg='unit=livesys comm="systemd" exe="/usr/lib/systemd/systemd" hostname=? addr=? terminal=? res=success'
Apr  5 18:39:49 localhost rngd[686]: Failed to init entropy source 0: Hardware RNG Device
Apr  5 18:39:49 localhost rngd[686]: Failed to init entropy source 1: TPM RNG Device
Apr  5 18:39:49 localhost rngd[686]: Enabling RDRAND rng support
Apr  5 18:39:49 localhost mcelog[688]: mcelog: warning: 8 bytes ignored in each record
Apr  5 18:39:49 localhost mcelog[688]: mcelog: consider an update
Apr  5 18:39:50 localhost systemd[1]: Starting NTP client/server...
Apr  5 18:39:50 localhost systemd[1]: Starting ABRT Automated Bug Reporting Tool...
Apr  5 18:39:50 localhost systemd[1]: Starting SYSV: Late init script for live image....
Apr  5 18:39:50 localhost systemd[1]: Started Switcheroo Control Proxy service.
Apr  5 18:39:50 localhost audit[1]: SERVICE_START pid=1 uid=0 auid=4294967295 ses=4294967295 subj=system_u:system_r:init_t:s0 msg='unit=switcheroo-control comm="systemd" exe="/usr/lib/systemd/systemd" hostname=? addr=? terminal=? res=success'
Apr  5 18:39:50 localhost audit[1]: SERVICE_STOP pid=1 uid=0 auid=4294967295 ses=4294967295 subj=system_u:system_r:init_t:s0 msg='unit=switcheroo-control comm="systemd" exe="/usr/lib/systemd/systemd" hostname=? addr=? terminal=? res=success'
Apr  5 18:39:50 localhost VBoxService[685]: VBoxService 5.2.18_Fedora r123745 (verbosity: 0) linux.amd64 (Aug 30 2018 20:35:33) release log
Apr  5 18:39:50 localhost VBoxService[685]: 00:00:00.041034 main     Log opened 2019-04-06T01:39:50.558704000Z
Apr  5 18:39:50 localhost VBoxService[685]: 00:00:00.041065 main     OS Product: Linux
Apr  5 18:39:50 localhost VBoxService[685]: 00:00:00.041069 main     OS Release: 4.18.16-300.fc29.x86_64
Apr  5 18:39:50 localhost VBoxService[685]: 00:00:00.041072 main     OS Version: #1 SMP Sat Oct 20 23:24:08 UTC 2018
Apr  5 18:39:50 localhost VBoxService[685]: 00:00:00.041075 main     Executable: /usr/sbin/VBoxService
Apr  5 18:39:50 localhost VBoxService[685]: 00:00:00.041076 main     Process ID: 685
Apr  5 18:39:50 localhost VBoxService[685]: 00:00:00.041076 main     Package type: LINUX_64BITS_GENERIC (OSE)
Apr  5 18:39:50 localhost VBoxService[685]: 00:00:00.046453 main     5.2.18_Fedora r123745 started. Verbose level = 0
Apr  5 18:39:50 localhost ModemManager[691]: <info>  ModemManager (version 1.8.0-4.fc29) starting in system bus...
Apr  5 18:39:51 localhost chronyd[715]: chronyd version 3.4 starting (+CMDMON +NTP +REFCLOCK +RTC +PRIVDROP +SCFILTER +SIGND +ASYNCDNS +SECHASH +IPV6 +DEBUG)
Apr  5 18:39:51 localhost rngd[686]: Enabling JITTER rng support
Apr  5 18:39:51 localhost journal[692]: udisks daemon version 2.8.1 starting
Apr  5 18:39:51 localhost dbus-daemon[680]: dbus[680]: Unknown username "systemd-timesync" in message bus configuration file
Apr  5 18:39:52 localhost chronyd[715]: Using right/UTC timezone to obtain leap second data
Apr  5 18:39:52 localhost sssd[676]: Starting up
Apr  5 18:39:53 localhost dbus-daemon[680]: [system] Successfully activated service 'org.freedesktop.systemd1'
Apr  5 18:39:53 localhost systemd[1]: Started Virtual Machine and Container Registration Service.
Apr  5 18:39:53 localhost audit[1]: SERVICE_START pid=1 uid=0 auid=4294967295 ses=4294967295 subj=system_u:system_r:init_t:s0 msg='unit=systemd-machined comm="systemd" exe="/usr/lib/systemd/systemd" hostname=? addr=? terminal=? res=success'
Apr  5 18:39:53 localhost systemd[1]: Started GSSAPI Proxy Daemon.
Apr  5 18:39:53 localhost audit[1]: SERVICE_START pid=1 uid=0 auid=4294967295 ses=4294967295 subj=system_u:system_r:init_t:s0 msg='unit=gssproxy comm="systemd" exe="/usr/lib/systemd/systemd" hostname=? addr=? terminal=? res=success'
Apr  5 18:39:53 localhost systemd[1]: Started SYSV: Late init script for live image..
Apr  5 18:39:53 localhost audit[1]: SERVICE_START pid=1 uid=0 auid=4294967295 ses=4294967295 subj=system_u:system_r:init_t:s0 msg='unit=livesys-late comm="systemd" exe="/usr/lib/systemd/systemd" hostname=? addr=? terminal=? res=success'
Apr  5 18:39:53 localhost avahi-daemon[677]: Successfully dropped root privileges.
Apr  5 18:39:53 localhost avahi-daemon[677]: avahi-daemon 0.7 starting up.
Apr  5 18:39:53 localhost systemd[1]: Started RealtimeKit Scheduling Policy Service.
Apr  5 18:39:53 localhost audit[1]: SERVICE_START pid=1 uid=0 auid=4294967295 ses=4294967295 subj=system_u:system_r:init_t:s0 msg='unit=rtkit-daemon comm="systemd" exe="/usr/lib/systemd/systemd" hostname=? addr=? terminal=? res=success'
Apr  5 18:39:53 localhost systemd[1]: Reached target NFS client services.
Apr  5 18:39:53 localhost avahi-daemon[677]: Successfully called chroot().
Apr  5 18:39:53 localhost avahi-daemon[677]: Successfully dropped remaining capabilities.
Apr  5 18:39:53 localhost systemd[1]: Started Avahi mDNS/DNS-SD Stack.
Apr  5 18:39:53 localhost audit[1]: SERVICE_START pid=1 uid=0 auid=4294967295 ses=4294967295 subj=system_u:system_r:init_t:s0 msg='unit=avahi-daemon comm="systemd" exe="/usr/lib/systemd/systemd" hostname=? addr=? terminal=? res=success'
Apr  5 18:39:53 localhost avahi-daemon[677]: No service file found in /etc/avahi/services.
Apr  5 18:39:53 localhost avahi-daemon[677]: System host name is set to 'localhost'. This is not a suitable mDNS host name, looking for alternatives.
Apr  5 18:39:53 localhost avahi-daemon[677]: Network interface enumeration completed.
Apr  5 18:39:53 localhost avahi-daemon[677]: Server startup complete. Host name is linux.local. Local service cookie is 2840231306.
Apr  5 18:39:54 localhost sssd[be[implicit_files]][733]: Starting up
Apr  5 18:39:54 localhost audit[1]: SERVICE_START pid=1 uid=0 auid=4294967295 ses=4294967295 subj=system_u:system_r:init_t:s0 msg='unit=chronyd comm="systemd" exe="/usr/lib/systemd/systemd" hostname=? addr=? terminal=? res=success'
Apr  5 18:39:54 localhost systemd[1]: Started NTP client/server.
Apr  5 18:39:54 localhost dbus-daemon[680]: [system] Activating via systemd: service name='org.freedesktop.PolicyKit1' unit='polkit.service' requested by ':1.8' (uid=0 pid=692 comm="/usr/libexec/udisks2/udisksd " label="system_u:system_r:devicekit_disk_t:s0")
Apr  5 18:39:54 localhost systemd[1]: Starting Authorization Manager...
Apr  5 18:39:55 localhost sssd[nss][736]: Starting up
Apr  5 18:39:55 localhost systemd[1]: Started Modem Manager.
Apr  5 18:39:55 localhost audit[1]: SERVICE_START pid=1 uid=0 auid=4294967295 ses=4294967295 subj=system_u:system_r:init_t:s0 msg='unit=ModemManager comm="systemd" exe="/usr/lib/systemd/systemd" hostname=? addr=? terminal=? res=success'
Apr  5 18:39:56 localhost polkitd[735]: Started polkitd version 0.115
Apr  5 18:39:56 localhost systemd[1]: Started System Security Services Daemon.
Apr  5 18:39:56 localhost audit[1]: SERVICE_START pid=1 uid=0 auid=4294967295 ses=4294967295 subj=system_u:system_r:init_t:s0 msg='unit=sssd comm="systemd" exe="/usr/lib/systemd/systemd" hostname=? addr=? terminal=? res=success'
Apr  5 18:39:56 localhost systemd[1]: Reached target User and Group Name Lookups.
Apr  5 18:39:56 localhost systemd[1]: Starting Accounts Service...
Apr  5 18:39:56 localhost systemd[1]: Starting Login Service...
Apr  5 18:39:56 localhost systemd[1]: Started ABRT Automated Bug Reporting Tool.
Apr  5 18:39:56 localhost audit[1]: SERVICE_START pid=1 uid=0 auid=4294967295 ses=4294967295 subj=system_u:system_r:init_t:s0 msg='unit=abrtd comm="systemd" exe="/usr/lib/systemd/systemd" hostname=? addr=? terminal=? res=success'
Apr  5 18:39:56 localhost systemd[1]: Started Creates ABRT problems from coredumpctl messages.
Apr  5 18:39:56 localhost audit[1]: SERVICE_START pid=1 uid=0 auid=4294967295 ses=4294967295 subj=system_u:system_r:init_t:s0 msg='unit=abrt-journal-core comm="systemd" exe="/usr/lib/systemd/systemd" hostname=? addr=? terminal=? res=success'
Apr  5 18:39:56 localhost systemd[1]: Started ABRT Xorg log watcher.
Apr  5 18:39:56 localhost audit[1]: SERVICE_START pid=1 uid=0 auid=4294967295 ses=4294967295 subj=system_u:system_r:init_t:s0 msg='unit=abrt-xorg comm="systemd" exe="/usr/lib/systemd/systemd" hostname=? addr=? terminal=? res=success'
Apr  5 18:39:56 localhost systemd[1]: Started ABRT kernel log watcher.
Apr  5 18:39:56 localhost audit[1]: SERVICE_START pid=1 uid=0 auid=4294967295 ses=4294967295 subj=system_u:system_r:init_t:s0 msg='unit=abrt-oops comm="systemd" exe="/usr/lib/systemd/systemd" hostname=? addr=? terminal=? res=success'
Apr  5 18:39:57 localhost ModemManager[691]: <info>  Couldn't check support for device '/sys/devices/pci0000:00/0000:00:03.0': not supported by any plugin
Apr  5 18:39:58 localhost systemd-logind[739]: New seat seat0.
Apr  5 18:39:58 localhost systemd-logind[739]: Watching system buttons on /dev/input/event0 (Power Button)
Apr  5 18:39:58 localhost systemd-logind[739]: Watching system buttons on /dev/input/event1 (Sleep Button)
Apr  5 18:39:58 localhost systemd-logind[739]: Watching system buttons on /dev/input/event2 (AT Translated Set 2 keyboard)
Apr  5 18:39:58 localhost systemd[1]: Started Login Service.
Apr  5 18:39:58 localhost audit[1]: SERVICE_START pid=1 uid=0 auid=4294967295 ses=4294967295 subj=system_u:system_r:init_t:s0 msg='unit=systemd-logind comm="systemd" exe="/usr/lib/systemd/systemd" hostname=? addr=? terminal=? res=success'
Apr  5 18:39:58 localhost audit[1]: SERVICE_START pid=1 uid=0 auid=4294967295 ses=4294967295 subj=system_u:system_r:init_t:s0 msg='unit=polkit comm="systemd" exe="/usr/lib/systemd/systemd" hostname=? addr=? terminal=? res=success'
Apr  5 18:39:58 localhost dbus-daemon[680]: [system] Successfully activated service 'org.freedesktop.PolicyKit1'
Apr  5 18:39:58 localhost systemd[1]: Started Authorization Manager.
Apr  5 18:39:58 localhost accounts-daemon[738]: started daemon version 0.6.54
Apr  5 18:39:58 localhost audit[1]: SERVICE_START pid=1 uid=0 auid=4294967295 ses=4294967295 subj=system_u:system_r:init_t:s0 msg='unit=accounts-daemon comm="systemd" exe="/usr/lib/systemd/systemd" hostname=? addr=? terminal=? res=success'
Apr  5 18:39:58 localhost systemd[1]: Started Accounts Service.
Apr  5 18:39:59 localhost systemd[1]: Started Disk Manager.
Apr  5 18:39:59 localhost audit[1]: SERVICE_START pid=1 uid=0 auid=4294967295 ses=4294967295 subj=system_u:system_r:init_t:s0 msg='unit=udisks2 comm="systemd" exe="/usr/lib/systemd/systemd" hostname=? addr=? terminal=? res=success'
Apr  5 18:39:59 localhost journal[692]: Acquired the name org.freedesktop.UDisks2 on the system message bus
Apr  5 18:39:59 localhost systemd[1]: Started firewalld - dynamic firewall daemon.
Apr  5 18:39:59 localhost systemd[1]: Reached target Network (Pre).
Apr  5 18:39:59 localhost audit[1]: SERVICE_START pid=1 uid=0 auid=4294967295 ses=4294967295 subj=system_u:system_r:init_t:s0 msg='unit=firewalld comm="systemd" exe="/usr/lib/systemd/systemd" hostname=? addr=? terminal=? res=success'
Apr  5 18:39:59 localhost systemd[1]: Starting Network Manager...
Apr  5 18:39:59 localhost audit: NETFILTER_CFG table=filter family=10 entries=0
Apr  5 18:39:59 localhost NetworkManager[780]: <info>  [1554514799.6989] NetworkManager (version 1.12.4-1.fc29) is starting... (for the first time)
Apr  5 18:39:59 localhost NetworkManager[780]: <info>  [1554514799.7002] Read config: /etc/NetworkManager/NetworkManager.conf (lib: 20-connectivity-fedora.conf)
Apr  5 18:39:59 localhost systemd[1]: Started Network Manager.
Apr  5 18:39:59 localhost systemd[1]: Reached target Network.
Apr  5 18:39:59 localhost systemd[1]: Started Logout off all iSCSI sessions on shutdown.
Apr  5 18:39:59 localhost audit[1]: SERVICE_START pid=1 uid=0 auid=4294967295 ses=4294967295 subj=system_u:system_r:init_t:s0 msg='unit=NetworkManager comm="systemd" exe="/usr/lib/systemd/systemd" hostname=? addr=? terminal=? res=success'
Apr  5 18:39:59 localhost audit[1]: SERVICE_START pid=1 uid=0 auid=4294967295 ses=4294967295 subj=system_u:system_r:init_t:s0 msg='unit=iscsi-shutdown comm="systemd" exe="/usr/lib/systemd/systemd" hostname=? addr=? terminal=? res=success'
Apr  5 18:39:59 localhost NetworkManager[780]: <info>  [1554514799.7108] bus-manager: acquired D-Bus service "org.freedesktop.NetworkManager"
Apr  5 18:39:59 localhost systemd[1]: Reached target Remote File Systems (Pre).
Apr  5 18:39:59 localhost systemd[1]: Reached target Remote File Systems.
Apr  5 18:39:59 localhost NetworkManager[780]: <info>  [1554514799.7442] manager[0x55950a0b80c0]: monitoring kernel firmware directory '/lib/firmware'.
Apr  5 18:39:59 localhost systemd[1]: Starting Virtualization daemon...
Apr  5 18:39:59 localhost systemd[1]: Starting Permit User Sessions...
Apr  5 18:39:59 localhost dbus-daemon[680]: [system] Activating via systemd: service name='org.freedesktop.hostname1' unit='dbus-org.freedesktop.hostname1.service' requested by ':1.16' (uid=0 pid=780 comm="/usr/sbin/NetworkManager --no-daemon " label="system_u:system_r:NetworkManager_t:s0")
Apr  5 18:39:59 localhost systemd[1]: Starting Network Manager Wait Online...
Apr  5 18:39:59 localhost systemd[1]: Starting Hostname Service...
Apr  5 18:39:59 localhost audit[1]: SERVICE_START pid=1 uid=0 auid=4294967295 ses=4294967295 subj=system_u:system_r:init_t:s0 msg='unit=systemd-user-sessions comm="systemd" exe="/usr/lib/systemd/systemd" hostname=? addr=? terminal=? res=success'
Apr  5 18:39:59 localhost systemd[1]: Started Permit User Sessions.
Apr  5 18:40:00 localhost dbus-daemon[680]: [system] Successfully activated service 'org.freedesktop.hostname1'
Apr  5 18:40:00 localhost NetworkManager[780]: <info>  [1554514800.0406] hostname: hostname: using hostnamed
Apr  5 18:40:00 localhost NetworkManager[780]: <info>  [1554514800.0406] hostname: hostname changed from (none) to "localhost.localdomain"
Apr  5 18:40:00 localhost NetworkManager[780]: <info>  [1554514800.0409] dns-mgr[0x55950a0c3920]: init: dns=default, rc-manager=symlink
Apr  5 18:40:00 localhost systemd[1]: Started Command Scheduler.
Apr  5 18:40:00 localhost audit[1]: SERVICE_START pid=1 uid=0 auid=4294967295 ses=4294967295 subj=system_u:system_r:init_t:s0 msg='unit=crond comm="systemd" exe="/usr/lib/systemd/systemd" hostname=? addr=? terminal=? res=success'
Apr  5 18:40:00 localhost systemd[1]: Started Deferred execution scheduler.
Apr  5 18:40:00 localhost audit[1]: SERVICE_START pid=1 uid=0 auid=4294967295 ses=4294967295 subj=system_u:system_r:init_t:s0 msg='unit=atd comm="systemd" exe="/usr/lib/systemd/systemd" hostname=? addr=? terminal=? res=success'
Apr  5 18:40:00 localhost systemd[1]: Starting GNOME Display Manager...
Apr  5 18:40:00 localhost systemd[1]: Starting Hold until boot process finishes up...
Apr  5 18:40:00 localhost systemd[1]: Started Hostname Service.
Apr  5 18:40:00 localhost audit[1]: SERVICE_START pid=1 uid=0 auid=4294967295 ses=4294967295 subj=system_u:system_r:init_t:s0 msg='unit=systemd-hostnamed comm="systemd" exe="/usr/lib/systemd/systemd" hostname=? addr=? terminal=? res=success'
Apr  5 18:40:00 localhost dbus-daemon[680]: [system] Activating via systemd: service name='org.freedesktop.nm_dispatcher' unit='dbus-org.freedesktop.nm-dispatcher.service' requested by ':1.16' (uid=0 pid=780 comm="/usr/sbin/NetworkManager --no-daemon " label="system_u:system_r:NetworkManager_t:s0")
Apr  5 18:40:00 localhost systemd[1]: Starting Network Manager Script Dispatcher Service...
Apr  5 18:40:00 localhost audit[1]: SERVICE_START pid=1 uid=0 auid=4294967295 ses=4294967295 subj=system_u:system_r:init_t:s0 msg='unit=NetworkManager-dispatcher comm="systemd" exe="/usr/lib/systemd/systemd" hostname=? addr=? terminal=? res=success'
Apr  5 18:40:00 localhost systemd[1]: Started Network Manager Script Dispatcher Service.
Apr  5 18:40:00 localhost dbus-daemon[680]: [system] Successfully activated service 'org.freedesktop.nm_dispatcher'
Apr  5 18:40:00 localhost NetworkManager[780]: <info>  [1554514800.6402] settings: Loaded settings plugin: SettingsPluginIfcfg (/usr/lib64/NetworkManager/1.12.4-1.fc29/libnm-settings-plugin-ifcfg-rh.so)
Apr  5 18:40:00 localhost NetworkManager[780]: <info>  [1554514800.6663] settings: Loaded settings plugin: NMSIbftPlugin (/usr/lib64/NetworkManager/1.12.4-1.fc29/libnm-settings-plugin-ibft.so)
Apr  5 18:40:00 localhost NetworkManager[780]: <info>  [1554514800.6665] settings: Loaded settings plugin: NMSKeyfilePlugin (internal)
Apr  5 18:40:00 localhost NetworkManager[780]: <info>  [1554514800.6674] ifcfg-rh: new connection /etc/sysconfig/network-scripts/ifcfg-enp0s3 (8b0612f9-332e-3a83-94f4-dfd300de9fe3,"enp0s3")
Apr  5 18:40:01 localhost NetworkManager[780]: <info>  [1554514801.2614] manager: rfkill: WiFi enabled by radio killswitch; enabled by state file
Apr  5 18:40:01 localhost NetworkManager[780]: <info>  [1554514801.2635] manager: rfkill: WWAN enabled by radio killswitch; enabled by state file
